
 Start         Length     Name                   Class
 0001:00401000 00095740H .text                   CODE
 0002:00497000 00000580H .itext                  ICODE
 0003:00498000 00004788H .data                   DATA
 0004:0049D000 00006148H .bss                    BSS
 0005:00000000 000000ECH .tls                    TLS


Detailed map of segments

 0001:00000000 00009A89 C=CODE     S=.text    G=(none)   M=System   ACBP=A9
 0001:00009A8C 0000010D C=CODE     S=.text    G=(none)   M=SysInit  ACBP=A9
 0001:00009B9C 000000D2 C=CODE     S=.text    G=(none)   M=Types    ACBP=A9
 0001:00009C70 00001251 C=CODE     S=.text    G=(none)   M=Windows  ACBP=A9
 0001:0000AEC4 0000148F C=CODE     S=.text    G=(none)   M=madNVPrgrAlert ACBP=A9
 0001:0000C354 000002A6 C=CODE     S=.text    G=(none)   M=madTypes ACBP=A9
 0001:0000C5FC 0000311C C=CODE     S=.text    G=(none)   M=madStrings ACBP=A9
 0001:0000F718 00004C9E C=CODE     S=.text    G=(none)   M=madZip   ACBP=A9
 0001:000143B8 00002F44 C=CODE     S=.text    G=(none)   M=madNVBitmap ACBP=A9
 0001:000172FC 000023FD C=CODE     S=.text    G=(none)   M=madTools ACBP=A9
 0001:000196FC 00000BC9 C=CODE     S=.text    G=(none)   M=madCrypt ACBP=A9
 0001:0001A2C8 00007120 C=CODE     S=.text    G=(none)   M=madDisAsm ACBP=A9
 0001:000213E8 00005B21 C=CODE     S=.text    G=(none)   M=madMapFile ACBP=A9
 0001:00026F0C 00007064 C=CODE     S=.text    G=(none)   M=madNVAssistant ACBP=A9
 0001:0002DF70 00004CC8 C=CODE     S=.text    G=(none)   M=madStackTrace ACBP=A9
 0001:00032C38 00000076 C=CODE     S=.text    G=(none)   M=WinSock  ACBP=A9
 0001:00032CB0 00000330 C=CODE     S=.text    G=(none)   M=SysConst ACBP=A9
 0001:00032FE0 00000016 C=CODE     S=.text    G=(none)   M=ShellAPI ACBP=A9
 0001:00032FF8 00000016 C=CODE     S=.text    G=(none)   M=CommCtrl ACBP=A9
 0001:00033010 0000000E C=CODE     S=.text    G=(none)   M=CommDlg  ACBP=A9
 0001:00033020 00030B9D C=CODE     S=.text    G=(none)   M=madExcept ACBP=A9
 0001:00063BC0 00000007 C=CODE     S=.text    G=(none)   M=madLinkDisAsm ACBP=A9
 0001:00063BC8 00000EEC C=CODE     S=.text    G=(none)   M=madListHardware ACBP=A9
 0001:00064AB4 00000E2C C=CODE     S=.text    G=(none)   M=madListProcesses ACBP=A9
 0001:000658E0 00000518 C=CODE     S=.text    G=(none)   M=madListModules ACBP=A9
 0001:00065DF8 000000F0 C=CODE     S=.text    G=(none)   M=RTLConsts ACBP=A9
 0001:00065EE8 000001D0 C=CODE     S=.text    G=(none)   M=Character ACBP=A9
 0001:000660B8 00000131 C=CODE     S=.text    G=(none)   M=StrUtils ACBP=A9
 0001:000661EC 0000C153 C=CODE     S=.text    G=(none)   M=SysUtils ACBP=A9
 0001:00072340 000007D3 C=CODE     S=.text    G=(none)   M=VarUtils ACBP=A9
 0001:00072B14 0000818C C=CODE     S=.text    G=(none)   M=Variants ACBP=A9
 0001:0007ACA0 0000180B C=CODE     S=.text    G=(none)   M=TypInfo  ACBP=A9
 0001:0007C4AC 00015350 C=CODE     S=.text    G=(none)   M=Classes  ACBP=A9
 0001:000917FC 00000206 C=CODE     S=.text    G=(none)   M=CodeHookIntf ACBP=A9
 0001:00091A04 00003D3C C=CODE     S=.text    G=(none)   M=CodeHookTest ACBP=A9
 0002:00000000 000000AA C=ICODE    S=.itext   G=(none)   M=System   ACBP=A9
 0002:000000AC 00000016 C=ICODE    S=.itext   G=(none)   M=Windows  ACBP=A9
 0002:000000C4 00000008 C=ICODE    S=.itext   G=(none)   M=madStrings ACBP=A9
 0002:000000CC 0000002F C=ICODE    S=.itext   G=(none)   M=madTools ACBP=A9
 0002:000000FC 00000008 C=ICODE    S=.itext   G=(none)   M=madDisAsm ACBP=A9
 0002:00000104 00000047 C=ICODE    S=.itext   G=(none)   M=madMapFile ACBP=A9
 0002:0000014C 00000008 C=ICODE    S=.itext   G=(none)   M=madStackTrace ACBP=A9
 0002:00000154 0000004D C=ICODE    S=.itext   G=(none)   M=madExcept ACBP=A9
 0002:000001A4 00000017 C=ICODE    S=.itext   G=(none)   M=madLinkDisAsm ACBP=A9
 0002:000001BC 00000060 C=ICODE    S=.itext   G=(none)   M=madListHardware ACBP=A9
 0002:0000021C 00000060 C=ICODE    S=.itext   G=(none)   M=madListProcesses ACBP=A9
 0002:0000027C 00000058 C=ICODE    S=.itext   G=(none)   M=madListModules ACBP=A9
 0002:000002D4 000000B4 C=ICODE    S=.itext   G=(none)   M=SysUtils ACBP=A9
 0002:00000388 0000000F C=ICODE    S=.itext   G=(none)   M=VarUtils ACBP=A9
 0002:00000398 000000AA C=ICODE    S=.itext   G=(none)   M=Variants ACBP=A9
 0002:00000444 00000008 C=ICODE    S=.itext   G=(none)   M=TypInfo  ACBP=A9
 0002:0000044C 0000008D C=ICODE    S=.itext   G=(none)   M=Classes  ACBP=A9
 0002:000004DC 000000A4 C=ICODE    S=.itext   G=(none)   M=CodeHookTest ACBP=A9
 0003:00000000 000009E0 C=DATA     S=.data    G=DGROUP   M=System   ACBP=A9
 0003:000009E0 00000024 C=DATA     S=.data    G=DGROUP   M=SysInit  ACBP=A9
 0003:00000A04 0000000C C=DATA     S=.data    G=DGROUP   M=Windows  ACBP=A9
 0003:00000A10 00000214 C=DATA     S=.data    G=DGROUP   M=madStrings ACBP=A9
 0003:00000C24 000010C4 C=DATA     S=.data    G=DGROUP   M=madZip   ACBP=A9
 0003:00001CE8 00000064 C=DATA     S=.data    G=DGROUP   M=madTools ACBP=A9
 0003:00001D4C 00001088 C=DATA     S=.data    G=DGROUP   M=madCrypt ACBP=A9
 0003:00002DD4 00000818 C=DATA     S=.data    G=DGROUP   M=madDisAsm ACBP=A9
 0003:000035EC 00000004 C=DATA     S=.data    G=DGROUP   M=madMapFile ACBP=A9
 0003:000035F0 0000000C C=DATA     S=.data    G=DGROUP   M=madNVAssistant ACBP=A9
 0003:000035FC 00000004 C=DATA     S=.data    G=DGROUP   M=madStackTrace ACBP=A9
 0003:00003600 00000944 C=DATA     S=.data    G=DGROUP   M=madExcept ACBP=A9
 0003:00003F44 00000018 C=DATA     S=.data    G=DGROUP   M=madListProcesses ACBP=A9
 0003:00003F5C 00000100 C=DATA     S=.data    G=DGROUP   M=Character ACBP=A9
 0003:0000405C 000002DC C=DATA     S=.data    G=DGROUP   M=SysUtils ACBP=A9
 0003:00004338 00000008 C=DATA     S=.data    G=DGROUP   M=VarUtils ACBP=A9
 0003:00004340 00000152 C=DATA     S=.data    G=DGROUP   M=Variants ACBP=A9
 0003:00004494 0000000C C=DATA     S=.data    G=DGROUP   M=TypInfo  ACBP=A9
 0003:000044A0 00000030 C=DATA     S=.data    G=DGROUP   M=Classes  ACBP=A9
 0003:000044D0 00000008 C=DATA     S=.data    G=DGROUP   M=CodeHookIntf ACBP=A9
 0004:00000000 00002C34 C=BSS      S=.bss     G=DGROUP   M=System   ACBP=A9
 0004:00002C34 0000000C C=BSS      S=.bss     G=DGROUP   M=SysInit  ACBP=A9
 0004:00002C40 00000008 C=BSS      S=.bss     G=DGROUP   M=Windows  ACBP=A9
 0004:00002C48 00000004 C=BSS      S=.bss     G=DGROUP   M=madStrings ACBP=A9
 0004:00002C4C 00001110 C=BSS      S=.bss     G=DGROUP   M=madZip   ACBP=A9
 0004:00003D5C 00000028 C=BSS      S=.bss     G=DGROUP   M=madTools ACBP=A9
 0004:00003D84 00000004 C=BSS      S=.bss     G=DGROUP   M=madDisAsm ACBP=A9
 0004:00003D88 00000008 C=BSS      S=.bss     G=DGROUP   M=madMapFile ACBP=A9
 0004:00003D90 00000014 C=BSS      S=.bss     G=DGROUP   M=madStackTrace ACBP=A9
 0004:00003DA4 00000064 C=BSS      S=.bss     G=DGROUP   M=madExcept ACBP=A9
 0004:00003E08 00000004 C=BSS      S=.bss     G=DGROUP   M=madLinkDisAsm ACBP=A9
 0004:00003E0C 00000004 C=BSS      S=.bss     G=DGROUP   M=madListHardware ACBP=A9
 0004:00003E10 00000004 C=BSS      S=.bss     G=DGROUP   M=madListProcesses ACBP=A9
 0004:00003E14 00000004 C=BSS      S=.bss     G=DGROUP   M=madListModules ACBP=A9
 0004:00003E18 0000001C C=BSS      S=.bss     G=DGROUP   M=Character ACBP=A9
 0004:00003E34 00002240 C=BSS      S=.bss     G=DGROUP   M=SysUtils ACBP=A9
 0004:00006074 0000005C C=BSS      S=.bss     G=DGROUP   M=VarUtils ACBP=A9
 0004:000060D0 00000040 C=BSS      S=.bss     G=DGROUP   M=Variants ACBP=A9
 0004:00006110 00000004 C=BSS      S=.bss     G=DGROUP   M=TypInfo  ACBP=A9
 0004:00006114 00000024 C=BSS      S=.bss     G=DGROUP   M=Classes  ACBP=A9
 0004:00006138 00000004 C=BSS      S=.bss     G=DGROUP   M=CodeHookIntf ACBP=A9
 0004:0000613C 0000000C C=BSS      S=.bss     G=DGROUP   M=CodeHookTest ACBP=A9
 0005:00000000 00000008 C=TLS      S=.tls     G=(none)   M=System   ACBP=A9
 0005:00000008 000000DC C=TLS      S=.tls     G=(none)   M=madExcept ACBP=A9
 0005:000000E4 00000008 C=TLS      S=.tls     G=(none)   M=Classes  ACBP=A9


  Address             Publics by Name

 0004:00003E24       Character.CategoryTable
 0004:00003E1C       Character.CatIndexPrimary
 0004:00003E20       Character.CatIndexSecondary
 0004:00003E18       Character.DataTable
 0003:00003F5C       Character.Latin1Categories
 0004:00003E30       Character.NumericValueTable
 0004:00003E28       Character.NumIndexPrimary
 0004:00003E2C       Character.NumIndexSecondary
 0001:00065EE8       Character.TCharacter.CheckLetter
 0001:00065EF4       Character.TCharacter.CheckLetterOrDigit
 0001:00066010       Character.TCharacter.Initialize
 0001:00066004       Character.TCharacter.IsAscii
 0001:00065F04       Character.TCharacter.IsLatin1
 0001:00065F10       Character.TCharacter.IsLetter
 0001:00065F9C       Character.TCharacter.IsLetterOrDigit
 0004:0000611C       Classes..66
 0001:0007C9C4       Classes..EClassNotFound
 0001:0007CC34       Classes..EComponentError
 0001:0007C6CC       Classes..EFCreateError
 0001:0007C800       Classes..EFilerError
 0001:0007C5D0       Classes..EFileStreamError
 0001:0007C768       Classes..EFOpenError
 0001:0007CA60       Classes..EInvalidImage
 0001:0007CAFC       Classes..EListError
 0001:0007C898       Classes..EReadError
 0001:0007C534       Classes..EStreamError
 0001:0007CB90       Classes..EStringListError
 0001:0007C92C       Classes..EWriteError
 0001:00083E74       Classes..TBasicAction
 0001:00083C58       Classes..TBasicActionLink
 0001:00080838       Classes..TClassFinder
 0001:0007DF60       Classes..TCollection
 0001:0007DDBC       Classes..TCollectionEnumerator
 0001:0007DB50       Classes..TCollectionItem
 0001:00083310       Classes..TComponent
 0001:00090B08       Classes..TComponent.FindComponent$ActRec
 0001:00082F38       Classes..TComponentEnumerator
 0001:0008035C       Classes..TCustomMemoryStream
 0001:00080C0C       Classes..TFiler
 0001:00080178       Classes..TFileStream
 0001:0007FF60       Classes..THandleStream
 0001:0007D00C       Classes..TList
 0001:000863B4       Classes..TList.Sort$ActRec
 0001:0007CE38       Classes..TListEnumerator
 0001:000805A4       Classes..TMemoryStream
 0001:0007D9D8       Classes..TPersistent
 0001:0008A268       Classes..TPropFixup
 0001:0008A494       Classes..TPropIntfFixup
 0001:00081624       Classes..TReader
 0001:00084280       Classes..TRegGroup
 0001:000846E0       Classes..TRegGroups
 0001:0007F954       Classes..TStream
 0001:0007F2D8       Classes..TStringList
 0001:0007E660       Classes..TStrings
 0001:0007E4B8       Classes..TStringsEnumerator
 0001:0007D720       Classes..TThreadList
 0001:0008252C       Classes..TWriter
 0001:0008A7C0       Classes.AddFinished
 0001:0008A7F8       Classes.AddNotFinished
 0001:0008B464       Classes.AddSubComponentsToLoaded
 0001:0008EA00       Classes.AncestorIsValid
 0001:0008B4A0       Classes.CheckSubComponents
 0002:0000044C       Classes.Classes
 0001:0008586C       Classes.ClassNotFound
 0001:000915AC       Classes.CleanupInstFreeList
 0001:00085B94       Classes.CollectionsEqual
 0001:0008B580       Classes.ComponentCreated
 0001:0008D4A0       Classes.CopyBinary
 0001:0008D410       Classes.CopyBytes
 0001:0008D3C4       Classes.CopyList
 0001:0008D33C       Classes.CopySetBody
 0001:0008B600       Classes.CreateComponent
 0003:000044A0       Classes.CreateVCLComObjectProc
 0001:000877A4       Classes.DoWrite
 0003:000044A8       Classes.Dummy32bitResHeader
 0001:0009167C       Classes.EFileStreamError.Create
 0001:00085310       Classes.Error
 0003:000044A4       Classes.FilerSignature
 0001:0009172C       Classes.Finalization
 0001:0008E0F0       Classes.FindAncestor
 0001:00085944       Classes.FindClass
 0001:0008B7B0       Classes.FindExistingComponent
 0001:00085AC4       Classes.FindGlobalComponent
 0004:00006128       Classes.FindGlobalComponentProcs
 0001:00085A48       Classes.FindIdentToInt
 0001:000859CC       Classes.FindIntToIdent
 0001:0008EE74       Classes.FindMethodName
 0001:0008A6C8       Classes.FindNestedComponent
 0001:0008C82C       Classes.FindUniqueName
 0001:0009152C       Classes.FreeIntConstList
 0001:000858D8       Classes.GetClass
 0001:0008F568       Classes.GetComponentValue
 0001:00086C00       Classes.GetDesigner
 0001:00085860       Classes.GetFieldClassTable
 0001:000915E8       Classes.GetFreeInstBlockItemCount
 0004:0000612C       Classes.GlobalFixupList
 0001:0008A840       Classes.GlobalFixupReferences
 0005:000000E8       Classes.GlobalLists
 0005:000000E4       Classes.GlobalLoaded
 0004:00006114       Classes.GlobalNameSpace
 0001:0008BFC0       Classes.HandleException
 0004:00006130       Classes.InstBlockList
 0004:00006134       Classes.InstFreeList
 0004:00006120       Classes.IntConstList
 0001:0008EBF4       Classes.IsDefault
 0001:0008EA70       Classes.IsDefaultFloatProp
 0001:0008EACC       Classes.IsDefaultInt64Prop
 0001:0008ED98       Classes.IsDefaultInterfaceProp
 0001:0008EECC       Classes.IsDefaultMethodProp
 0001:0008EC4C       Classes.IsDefaultObjectProp
 0001:0008EA18       Classes.IsDefaultOrdProp
 0001:0008F004       Classes.IsDefaultPropertyValue
 0001:0008EB24       Classes.IsDefaultStrProp
 0001:0008ECCC       Classes.IsDefaultValue
 0001:0008EF6C       Classes.IsDefaultVariantProp
 0001:00085B04       Classes.IsUniqueGlobalComponentName
 0004:00006118       Classes.IsUniqueGlobalComponentNameProc
 0001:000915A4       Classes.ModuleUnload
 0003:000044C8       Classes.NilMethod
 0001:00086CA4       Classes.NotifyDesigner
 0001:0008EBB4       Classes.ObjectAncestorMatch
 0001:0008F550       Classes.OwnedBy
 0001:0008AB80       Classes.PropertyNotFound
 0001:0008C090       Classes.PropPathError
 0001:0008AB74       Classes.PropValueError
 0001:0008627C       Classes.QuickSort
 0001:00089458       Classes.RaiseException
 0001:0008D988       Classes.ReadCustomVariant
 0001:0008AB5C       Classes.ReadError
 0001:0008B5A0       Classes.Recover
 0004:00006124       Classes.RegGroups
 0001:00091618       Classes.ReleaseObjectInstanceBlocks
 0001:0008AA14       Classes.RemoveFixupReferences
 0001:0008AAC8       Classes.RemoveFixups
 0001:0008AEC4       Classes.RemoveGlobalFixup
 0001:00087910       Classes.ReturnAddr
 0001:00085DF8       Classes.ReturnAddr
 0001:0008B710       Classes.SetCompName
 0001:0008ABAC       Classes.SetElementValue
 0001:0008C408       Classes.SetInterfaceReference
 0001:0008C324       Classes.SetIntIdent
 0001:0008C36C       Classes.SetObjectIdent
 0001:0008B518       Classes.SetSubComponentState
 0001:0008C3AC       Classes.SetVariantReference
 0001:0008D0F8       Classes.SkipBinary
 0001:0008D128       Classes.SkipCollection
 0001:0008D0CC       Classes.SkipList
 0001:00089244       Classes.StringListCompareStrings
 0001:000914A0       Classes.TBasicAction.Change
 0001:0009132C       Classes.TBasicAction.Create
 0001:00091370       Classes.TBasicAction.Destroy
 0001:0009140C       Classes.TBasicAction.Execute
 0001:000913DC       Classes.TBasicAction.ExecuteTarget
 0001:000913D8       Classes.TBasicAction.HandlesTarget
 0001:000913E0       Classes.TBasicAction.Notification
 0001:000914B4       Classes.TBasicAction.RegisterChanges
 0001:00091500       Classes.TBasicAction.SetActionComponent
 0001:00091444       Classes.TBasicAction.SetOnExecute
 0001:000914C0       Classes.TBasicAction.UnRegisterChanges
 0001:00091428       Classes.TBasicAction.Update
 0001:00091408       Classes.TBasicAction.UpdateTarget
 0001:0009127C       Classes.TBasicActionLink.AssignClient
 0001:000912B4       Classes.TBasicActionLink.Change
 0001:00091238       Classes.TBasicActionLink.Create
 0001:00091280       Classes.TBasicActionLink.Destroy
 0001:000912CC       Classes.TBasicActionLink.Execute
 0001:00091314       Classes.TBasicActionLink.IsOnExecuteLinked
 0001:000912E8       Classes.TBasicActionLink.SetAction
 0001:00091318       Classes.TBasicActionLink.SetOnExecute
 0001:00091320       Classes.TBasicActionLink.Update
 0001:000855CC       Classes.TClassFinder.Create
 0001:0008570C       Classes.TClassFinder.Destroy
 0001:0008573C       Classes.TClassFinder.GetClass
 0001:000857D8       Classes.TClassFinder.GetClasses
 0001:00086FD4       Classes.TCollection.Add
 0001:000874F0       Classes.TCollection.Added
 0001:00086FF4       Classes.TCollection.Assign
 0001:0008709C       Classes.TCollection.BeginUpdate
 0001:000870A0       Classes.TCollection.Changed
 0001:000870B0       Classes.TCollection.Clear
 0001:00086F3C       Classes.TCollection.Create
 0001:000874B4       Classes.TCollection.Delete
 0001:000874F4       Classes.TCollection.Deleting
 0001:00086F88       Classes.TCollection.Destroy
 0001:00087118       Classes.TCollection.EndUpdate
 0001:00087124       Classes.TCollection.FindItemID
 0001:00087158       Classes.TCollection.GetAttr
 0001:00087154       Classes.TCollection.GetAttrCount
 0001:00087178       Classes.TCollection.GetCapacity
 0001:000871A0       Classes.TCollection.GetCount
 0001:00087168       Classes.TCollection.GetEnumerator
 0001:000871A8       Classes.TCollection.GetItem
 0001:00087180       Classes.TCollection.GetItemAttr
 0001:000871BC       Classes.TCollection.GetNamePath
 0001:00087270       Classes.TCollection.GetPropName
 0001:000873C4       Classes.TCollection.Insert
 0001:000873E0       Classes.TCollection.InsertItem
 0001:000874F8       Classes.TCollection.Notify
 0001:000874E4       Classes.TCollection.Owner
 0001:00087448       Classes.TCollection.RemoveItem
 0001:0008749C       Classes.TCollection.SetCapacity
 0001:000874AC       Classes.TCollection.SetItemName
 0001:000874B0       Classes.TCollection.Update
 0001:00086ED0       Classes.TCollectionEnumerator.Create
 0001:00086F14       Classes.TCollectionEnumerator.GetCurrent
 0001:00086F20       Classes.TCollectionEnumerator.MoveNext
 0001:00086D70       Classes.TCollectionItem.Changed
 0001:00086D08       Classes.TCollectionItem.Create
 0001:00086D40       Classes.TCollectionItem.Destroy
 0001:00086DAC       Classes.TCollectionItem.GetDisplayName
 0001:00086D94       Classes.TCollectionItem.GetIndex
 0001:00086DC0       Classes.TCollectionItem.GetNamePath
 0001:00086E6C       Classes.TCollectionItem.GetOwner
 0001:00086E70       Classes.TCollectionItem.SetCollection
 0001:00086E98       Classes.TCollectionItem.SetDisplayName
 0001:00086EA0       Classes.TCollectionItem.SetIndex
 0001:00090D30       Classes.TComponent.AddSortedComponent
 0001:0009054C       Classes.TComponent.BeforeDestruction
 0001:00090DE4       Classes.TComponent.ChangeName
 0001:000904B8       Classes.TComponent.Create
 0001:000908F8       Classes.TComponent.DefineProperties
 0001:00090504       Classes.TComponent.Destroy
 0001:0009077C       Classes.TComponent.DestroyComponents
 0001:000907E8       Classes.TComponent.Destroying
 0001:00090F40       Classes.TComponent.ExecuteAction
 0001:00090BCC       Classes.TComponent.FindComponent
 0001:00090BC0       Classes.TComponent.FindComponent$ActRec.$0$Body
 0001:00090CB8       Classes.TComponent.FindSortedComponent
 0001:00090598       Classes.TComponent.FreeNotification
 0001:00091074       Classes.TComponent.FreeOnRelease
 0001:0009099C       Classes.TComponent.GetChildOwner
 0001:000909A0       Classes.TComponent.GetChildParent
 0001:00090994       Classes.TComponent.GetChildren
 0001:00090FA4       Classes.TComponent.GetComObject
 0001:00090E38       Classes.TComponent.GetComponent
 0001:00090E64       Classes.TComponent.GetComponentCount
 0001:00090E1C       Classes.TComponent.GetComponentIndex
 0001:000909A4       Classes.TComponent.GetEnumerator
 0001:000909B4       Classes.TComponent.GetNamePath
 0001:000909C8       Classes.TComponent.GetOwner
 0001:000909D0       Classes.TComponent.GetParentComponent
 0001:00090990       Classes.TComponent.HasParent
 0001:0009062C       Classes.TComponent.Insert
 0001:000906E0       Classes.TComponent.InsertComponent
 0001:0009110C       Classes.TComponent.IntfGetComponent
 0001:00091110       Classes.TComponent.IsImplementorOf
 0001:000909F0       Classes.TComponent.Loaded
 0001:00090898       Classes.TComponent.Notification
 0001:000909FC       Classes.TComponent.PaletteCreated
 0001:0009108C       Classes.TComponent.QueryInterface
 0001:000905EC       Classes.TComponent.ReadLeft
 0001:00090A00       Classes.TComponent.ReadState
 0001:00090600       Classes.TComponent.ReadTop
 0001:00091190       Classes.TComponent.ReferenceInterface
 0001:00090668       Classes.TComponent.Remove
 0001:00090744       Classes.TComponent.RemoveComponent
 0001:0009087C       Classes.TComponent.RemoveFreeNotification
 0001:00090558       Classes.TComponent.RemoveFreeNotifications
 0001:00090824       Classes.TComponent.RemoveNotification
 0001:0009105C       Classes.TComponent.SafeCallException
 0001:000909CC       Classes.TComponent.SetChildOrder
 0001:00090E74       Classes.TComponent.SetComponentIndex
 0001:00090EC8       Classes.TComponent.SetDesigning
 0001:00090D54       Classes.TComponent.SetName
 0001:000909D4       Classes.TComponent.SetParentComponent
 0001:00090F18       Classes.TComponent.SetReference
 0001:00090F90       Classes.TComponent.SetSubComponent
 0001:00090F68       Classes.TComponent.UpdateAction
 0001:000909E4       Classes.TComponent.Updated
 0001:00091084       Classes.TComponent.UpdateRegistry
 0001:000909D8       Classes.TComponent.Updating
 0001:00090A98       Classes.TComponent.ValidateContainer
 0001:00090AAC       Classes.TComponent.ValidateInsert
 0001:00090A10       Classes.TComponent.ValidateRename
 0001:00090614       Classes.TComponent.WriteLeft
 0001:00090A08       Classes.TComponent.WriteState
 0001:00090620       Classes.TComponent.WriteTop
 0001:000910CC       Classes.TComponent._AddRef
 0001:000910EC       Classes.TComponent._Release
 0001:0009044C       Classes.TComponentEnumerator.Create
 0001:00090490       Classes.TComponentEnumerator.GetCurrent
 0001:0009049C       Classes.TComponentEnumerator.MoveNext
 0001:00089F34       Classes.TCustomMemoryStream.Read
 0001:00089FA8       Classes.TCustomMemoryStream.SaveToFile
 0001:00089F90       Classes.TCustomMemoryStream.SaveToStream
 0001:00089F6C       Classes.TCustomMemoryStream.Seek
 0001:00089F2C       Classes.TCustomMemoryStream.SetPointer
 0001:0008A1F4       Classes.TFiler.Create
 0001:00080FC4       Classes.TFiler.DefineBinaryProperty
 0001:00080FBC       Classes.TFiler.DefineProperty
 0001:0008A23C       Classes.TFiler.Destroy
 0001:00080FCC       Classes.TFiler.FlushBuffer
 0001:0008A264       Classes.TFiler.SetRoot
 0001:00089D84       Classes.TFileStream.Create
 0001:00089D40       Classes.TFileStream.Create
 0001:00089EF8       Classes.TFileStream.Destroy
 0001:00089C7C       Classes.THandleStream.Create
 0001:00089CB8       Classes.THandleStream.Read
 0001:00089CD8       Classes.THandleStream.Seek
 0001:00089D04       Classes.THandleStream.SetSize
 0001:00089D18       Classes.THandleStream.SetSize
 0001:00089CC8       Classes.THandleStream.Write
 0001:00085D38       Classes.TList.Add
 0001:00086574       Classes.TList.Assign
 0001:00085D78       Classes.TList.Clear
 0001:00085D90       Classes.TList.Delete
 0001:00085D18       Classes.TList.Destroy
 0001:00085E34       Classes.TList.Error
 0001:00085DFC       Classes.TList.Error
 0001:00085E88       Classes.TList.Exchange
 0001:00085ED8       Classes.TList.Expand
 0001:00086518       Classes.TList.Extract
 0001:00086520       Classes.TList.ExtractItem
 0001:00085EF0       Classes.TList.First
 0001:00085EF8       Classes.TList.Get
 0001:00085F1C       Classes.TList.GetEnumerator
 0001:00085F2C       Classes.TList.Grow
 0001:00085F60       Classes.TList.IndexOf
 0001:00085F84       Classes.TList.IndexOfItem
 0001:00085FB0       Classes.TList.Insert
 0001:00086028       Classes.TList.Last
 0001:0008604C       Classes.TList.Move
 0001:00086570       Classes.TList.Notify
 0001:00086128       Classes.TList.Pack
 0001:000860A4       Classes.TList.Put
 0001:00086100       Classes.TList.Remove
 0001:00086108       Classes.TList.RemoveItem
 0001:0008619C       Classes.TList.SetCapacity
 0001:000861D8       Classes.TList.SetCount
 0001:00086478       Classes.TList.Sort
 0001:0008646C       Classes.TList.Sort$ActRec.$0$Body
 0001:000864F8       Classes.TList.SortList
 0001:00085CB0       Classes.TListEnumerator.Create
 0001:00085CF4       Classes.TListEnumerator.GetCurrent
 0001:00085D00       Classes.TListEnumerator.MoveNext
 0001:0008A02C       Classes.TMemoryStream.Clear
 0001:0008A000       Classes.TMemoryStream.Destroy
 0001:0008A07C       Classes.TMemoryStream.LoadFromFile
 0001:0008A044       Classes.TMemoryStream.LoadFromStream
 0001:0008A124       Classes.TMemoryStream.Realloc
 0001:0008A0D0       Classes.TMemoryStream.SetCapacity
 0001:0008A0F8       Classes.TMemoryStream.SetSize
 0001:0008A1A4       Classes.TMemoryStream.Write
 0001:00086A88       Classes.TPersistent.Assign
 0001:00086A9C       Classes.TPersistent.AssignError
 0001:00086B58       Classes.TPersistent.AssignTo
 0001:00086B60       Classes.TPersistent.DefineProperties
 0001:00086A5C       Classes.TPersistent.Destroy
 0001:00086B64       Classes.TPersistent.GetNamePath
 0001:00086BFC       Classes.TPersistent.GetOwner
 0001:0008A57C       Classes.TPropFixup.Create
 0001:0008A5D4       Classes.TPropFixup.MakeGlobalReference
 0001:0008A634       Classes.TPropFixup.ResolveReference
 0001:0008A644       Classes.TPropIntfFixup.ResolveReference
 0001:0008AC00       Classes.TReader.BeginReferences
 0001:0008AC68       Classes.TReader.CheckValue
 0001:0008D4F8       Classes.TReader.CopyValue
 0001:0008ACC8       Classes.TReader.DefineBinaryProperty
 0001:0008AC8C       Classes.TReader.DefineProperty
 0001:0008ABC4       Classes.TReader.Destroy
 0001:0008AF4C       Classes.TReader.DoFixupReferences
 0001:0008ADB0       Classes.TReader.EndOfList
 0001:0008ADC4       Classes.TReader.EndReferences
 0001:0008ADE0       Classes.TReader.Error
 0001:0008D7D4       Classes.TReader.FindAncestorComponent
 0001:0008D8CC       Classes.TReader.FindComponentClass
 0001:0008AE74       Classes.TReader.FindMethod
 0001:0008AE04       Classes.TReader.FindMethodInstance
 0001:0008B090       Classes.TReader.FixupReferences
 0001:0008B0C8       Classes.TReader.FlushBuffer
 0001:0008B0EC       Classes.TReader.FreeFixups
 0001:0008B128       Classes.TReader.GetFieldClass
 0001:0008B1BC       Classes.TReader.GetPosition
 0001:0008B1D4       Classes.TReader.NextValue
 0001:0008B1E4       Classes.TReader.PropertyError
 0001:0008B1F8       Classes.TReader.Read
 0001:0008B280       Classes.TReader.ReadBoolean
 0001:0008B244       Classes.TReader.ReadBuffer
 0001:0008B294       Classes.TReader.ReadChar
 0001:0008B388       Classes.TReader.ReadCollection
 0001:0008B854       Classes.TReader.ReadComponent
 0001:0008CBC8       Classes.TReader.ReadComponents
 0001:0008BC94       Classes.TReader.ReadCurrency
 0001:0008BA94       Classes.TReader.ReadData
 0001:0008BB04       Classes.TReader.ReadDataInner
 0001:0008BCE4       Classes.TReader.ReadDate
 0001:0008BC0C       Classes.TReader.ReadDouble
 0001:0008BBD4       Classes.TReader.ReadFloat
 0001:0008BD28       Classes.TReader.ReadIdent
 0001:0008BF2C       Classes.TReader.ReadInt64
 0001:0008BEC0       Classes.TReader.ReadInteger
 0001:0008BF70       Classes.TReader.ReadListBegin
 0001:0008BF78       Classes.TReader.ReadListEnd
 0001:0008BF80       Classes.TReader.ReadPrefix
 0001:0008C0AC       Classes.TReader.ReadProperty
 0001:0008C4C8       Classes.TReader.ReadPropValue
 0001:0008C894       Classes.TReader.ReadRootComponent
 0001:0008CCB8       Classes.TReader.ReadSet
 0001:0008CD74       Classes.TReader.ReadSignature
 0001:0008BC50       Classes.TReader.ReadSingle
 0001:0008CD98       Classes.TReader.ReadStr
 0001:0008CE28       Classes.TReader.ReadString
 0001:0008D050       Classes.TReader.ReadValue
 0001:0008DB50       Classes.TReader.ReadVariant
 0001:0008B328       Classes.TReader.ReadWideChar
 0001:0008CF10       Classes.TReader.ReadWideString
 0001:0008D88C       Classes.TReader.ReferenceName
 0001:0008D8A4       Classes.TReader.SetName
 0001:0008D064       Classes.TReader.SetPosition
 0001:0008D940       Classes.TReader.SkipBytes
 0001:0008D728       Classes.TReader.SkipComponent
 0001:0008D6E0       Classes.TReader.SkipProperty
 0001:0008D084       Classes.TReader.SkipSetBody
 0001:0008D18C       Classes.TReader.SkipValue
 0001:00084BBC       Classes.TRegGroup.AddClass
 0001:00084BC8       Classes.TRegGroup.BestClass
 0001:00084C28       Classes.TRegGroup.BestGroup
 0001:00084C98       Classes.TRegGroup.Create
 0001:00084CF4       Classes.TRegGroup.Destroy
 0001:00084D34       Classes.TRegGroup.GetClass
 0001:00084D84       Classes.TRegGroup.GetClasses
 0001:00084DCC       Classes.TRegGroup.IndexOfClass
 0001:00084E44       Classes.TRegGroup.InGroup
 0001:00084E88       Classes.TRegGroup.RegisterClass
 0001:00084F38       Classes.TRegGroup.RegisterClassAlias
 0001:00084F70       Classes.TRegGroup.Registered
 0001:00084F88       Classes.TRegGroup.UnregisterClass
 0001:00084FE8       Classes.TRegGroup.UnregisterModuleClasses
 0001:00085128       Classes.TRegGroups.Activate
 0001:00085174       Classes.TRegGroups.AddClass
 0001:00085194       Classes.TRegGroups.Create
 0001:00085208       Classes.TRegGroups.Destroy
 0001:00085268       Classes.TRegGroups.FindGroup
 0001:000852AC       Classes.TRegGroups.GetClass
 0001:000852F0       Classes.TRegGroups.GroupedWith
 0001:00085394       Classes.TRegGroups.GroupWith
 0001:00085468       Classes.TRegGroups.Lock
 0001:00085474       Classes.TRegGroups.RegisterClass
 0001:0008548C       Classes.TRegGroups.RegisterClassAlias
 0001:000854AC       Classes.TRegGroups.Registered
 0001:000854F0       Classes.TRegGroups.StartGroup
 0001:00085540       Classes.TRegGroups.Unlock
 0001:0008554C       Classes.TRegGroups.UnregisterClass
 0001:0008557C       Classes.TRegGroups.UnregisterModuleClasses
 0001:00089630       Classes.TStream.CopyFrom
 0001:00089A98       Classes.TStream.FixupResourceHeader
 0001:0008936C       Classes.TStream.GetPosition
 0001:000893A0       Classes.TStream.GetSize
 0001:0007FF50       Classes.TStream.Read
 0001:000895C0       Classes.TStream.ReadBuffer
 0001:00089724       Classes.TStream.ReadComponent
 0001:000897E8       Classes.TStream.ReadComponentRes
 0001:00089B90       Classes.TStream.ReadResHeader
 0001:00089550       Classes.TStream.Seek
 0001:000894CC       Classes.TStream.Seek
 0001:0008938C       Classes.TStream.SetPosition
 0001:00089404       Classes.TStream.SetSize
 0001:000893EC       Classes.TStream.SetSize
 0001:000893F0       Classes.TStream.SetSize64
 0001:0007FF58       Classes.TStream.Write
 0001:000895F8       Classes.TStream.WriteBuffer
 0001:00089784       Classes.TStream.WriteComponent
 0001:00089804       Classes.TStream.WriteComponentRes
 0001:0008978C       Classes.TStream.WriteDescendent
 0001:00089B5C       Classes.TStream.WriteDescendentRes
 0001:0008980C       Classes.TStream.WriteResourceHeader
 0001:00088C54       Classes.TStringList.Add
 0001:00088C64       Classes.TStringList.AddObject
 0001:00088CC8       Classes.TStringList.Changed
 0001:00088CE4       Classes.TStringList.Changing
 0001:00088D00       Classes.TStringList.Clear
 0001:000892AC       Classes.TStringList.CompareStrings
 0001:000892C8       Classes.TStringList.Create
 0001:00089300       Classes.TStringList.Create
 0001:00089274       Classes.TStringList.CustomSort
 0001:00088D68       Classes.TStringList.Delete
 0001:00088BD0       Classes.TStringList.Destroy
 0001:00088DE8       Classes.TStringList.Exchange
 0001:00088E44       Classes.TStringList.ExchangeItems
 0001:00088E68       Classes.TStringList.Find
 0001:00088EEC       Classes.TStringList.Get
 0001:00088F1C       Classes.TStringList.GetCapacity
 0001:00088F20       Classes.TStringList.GetCount
 0001:00088F24       Classes.TStringList.GetObject
 0001:00088F48       Classes.TStringList.Grow
 0001:00088F7C       Classes.TStringList.IndexOf
 0001:00088FB8       Classes.TStringList.Insert
 0001:0008901C       Classes.TStringList.InsertItem
 0001:00088FC8       Classes.TStringList.InsertObject
 0001:00089098       Classes.TStringList.Put
 0001:000890F0       Classes.TStringList.PutObject
 0001:0008912C       Classes.TStringList.QuickSort
 0001:000891C4       Classes.TStringList.SetCapacity
 0001:00089344       Classes.TStringList.SetCaseSensitive
 0001:00089204       Classes.TStringList.SetSorted
 0001:00089224       Classes.TStringList.SetUpdateState
 0001:00089264       Classes.TStringList.Sort
 0001:000875C4       Classes.TStrings.Add
 0001:000875E8       Classes.TStrings.AddObject
 0001:00087618       Classes.TStrings.AddStrings
 0001:0008760C       Classes.TStrings.Append
 0001:000876D0       Classes.TStrings.Assign
 0001:0008778C       Classes.TStrings.BeginUpdate
 0001:0007F1D8       Classes.TStrings.Clear
 0001:00088B88       Classes.TStrings.CompareStrings
 0001:000877FC       Classes.TStrings.DefineProperties
 0001:0007F1E0       Classes.TStrings.Delete
 0001:00087594       Classes.TStrings.Destroy
 0001:00087854       Classes.TStrings.EndUpdate
 0001:00087868       Classes.TStrings.Equals
 0001:0008794C       Classes.TStrings.Error
 0001:00087914       Classes.TStrings.Error
 0001:000879A4       Classes.TStrings.Exchange
 0001:00087A90       Classes.TStrings.GetCapacity
 0001:00087A98       Classes.TStrings.GetCommaText
 0001:00087B30       Classes.TStrings.GetDelimitedText
 0001:00088A74       Classes.TStrings.GetDelimiter
 0001:00087DA0       Classes.TStrings.GetEnumerator
 0001:00088A90       Classes.TStrings.GetLineBreak
 0001:00088B94       Classes.TStrings.GetNameValueSeparator
 0001:00087DB0       Classes.TStrings.GetObject
 0001:00088ACC       Classes.TStrings.GetQuoteChar
 0001:00088AE8       Classes.TStrings.GetStrictDelimiter
 0001:00087DB4       Classes.TStrings.GetText
 0001:00087E08       Classes.TStrings.GetTextStr
 0001:00087FA0       Classes.TStrings.IndexOf
 0001:0008802C       Classes.TStrings.IndexOfName
 0001:00088100       Classes.TStrings.IndexOfObject
 0001:0007F1E8       Classes.TStrings.Insert
 0001:00088134       Classes.TStrings.InsertObject
 0001:000881B8       Classes.TStrings.LoadFromFile
 0001:00088164       Classes.TStrings.LoadFromFile
 0001:00088220       Classes.TStrings.LoadFromStream
 0001:00088214       Classes.TStrings.LoadFromStream
 0001:00088314       Classes.TStrings.Move
 0001:000883C4       Classes.TStrings.Put
 0001:000883F4       Classes.TStrings.PutObject
 0001:000883F8       Classes.TStrings.ReadData
 0001:000884B8       Classes.TStrings.SaveToFile
 0001:000884A8       Classes.TStrings.SaveToFile
 0001:00088518       Classes.TStrings.SaveToStream
 0001:00088528       Classes.TStrings.SaveToStream
 0001:000885E0       Classes.TStrings.SetCapacity
 0001:000885E4       Classes.TStrings.SetCommaText
 0001:000888C4       Classes.TStrings.SetDelimitedText
 0001:00088B00       Classes.TStrings.SetDelimiter
 0001:00088B20       Classes.TStrings.SetLineBreak
 0001:00088BB0       Classes.TStrings.SetNameValueSeparator
 0001:00088B4C       Classes.TStrings.SetQuoteChar
 0001:00088B6C       Classes.TStrings.SetStrictDelimiter
 0001:0008860C       Classes.TStrings.SetStringsAdapter
 0001:00088640       Classes.TStrings.SetText
 0001:00088690       Classes.TStrings.SetTextStr
 0001:0008883C       Classes.TStrings.SetUpdateState
 0001:00088840       Classes.TStrings.WriteData
 0001:0008751C       Classes.TStringsEnumerator.Create
 0001:00087560       Classes.TStringsEnumerator.GetCurrent
 0001:00087578       Classes.TStringsEnumerator.MoveNext
 0001:00086910       Classes.TThreadList.Add
 0001:00086998       Classes.TThreadList.Clear
 0001:00086840       Classes.TThreadList.Create
 0001:00086894       Classes.TThreadList.Destroy
 0001:000869E0       Classes.TThreadList.LockList
 0001:000869F4       Classes.TThreadList.Remove
 0001:000869FC       Classes.TThreadList.RemoveItem
 0001:00086A50       Classes.TThreadList.UnlockList
 0001:0008DD9C       Classes.TWriter.AddAncestor
 0001:0008DDD0       Classes.TWriter.DefineBinaryProperty
 0001:0008DDA8       Classes.TWriter.DefineProperty
 0001:0008DD70       Classes.TWriter.Destroy
 0001:0008DE0C       Classes.TWriter.FindMethodName
 0001:0008DE54       Classes.TWriter.FlushBuffer
 0001:00090428       Classes.TWriter.GetLookupInfo
 0001:0008DDFC       Classes.TWriter.GetPosition
 0001:0008DE5C       Classes.TWriter.SetPosition
 0001:0008DE98       Classes.TWriter.SetRoot
 0001:0008DEB0       Classes.TWriter.Write
 0001:0008DEFC       Classes.TWriter.WriteBinary
 0001:0008DF9C       Classes.TWriter.WriteBoolean
 0001:0008DF84       Classes.TWriter.WriteBuffer
 0001:0008DFB0       Classes.TWriter.WriteChar
 0001:0008E050       Classes.TWriter.WriteCollection
 0001:0008E140       Classes.TWriter.WriteComponent
 0001:0008E6E8       Classes.TWriter.WriteCurrency
 0001:0008E294       Classes.TWriter.WriteData
 0001:0008E70C       Classes.TWriter.WriteDate
 0001:0008E654       Classes.TWriter.WriteDescendent
 0001:0008E6C4       Classes.TWriter.WriteDouble
 0001:0008E67C       Classes.TWriter.WriteFloat
 0001:0008E730       Classes.TWriter.WriteIdent
 0001:0008E814       Classes.TWriter.WriteInteger
 0001:0008E888       Classes.TWriter.WriteInteger
 0001:0008E8E0       Classes.TWriter.WriteListBegin
 0001:0008E8E8       Classes.TWriter.WriteListEnd
 0001:000900EC       Classes.TWriter.WriteMinStr
 0001:0008E8F0       Classes.TWriter.WritePrefix
 0001:0008E938       Classes.TWriter.WriteProperties
 0001:0008FA90       Classes.TWriter.WriteProperty
 0001:0008FFC4       Classes.TWriter.WritePropName
 0001:00090018       Classes.TWriter.WriteRootComponent
 0001:00090020       Classes.TWriter.WriteSignature
 0001:0008E6A0       Classes.TWriter.WriteSingle
 0001:00090030       Classes.TWriter.WriteStr
 0001:00090220       Classes.TWriter.WriteString
 0001:00090338       Classes.TWriter.WriteUTF8Str
 0001:00090414       Classes.TWriter.WriteValue
 0001:0008FBE4       Classes.TWriter.WriteVariant
 0001:0008E000       Classes.TWriter.WriteWideChar
 0001:0009040C       Classes.TWriter.WriteWideString
 0001:00085964       Classes.UnRegisterModuleClasses
 0001:00085B28       Classes.WriteCollection
 0001:0008F2C0       Classes.WriteCollectionProp
 0001:0008F45C       Classes.WriteFloatProp
 0001:0008F49C       Classes.WriteInt64Prop
 0001:0008F8C0       Classes.WriteInterfaceProp
 0001:0008F254       Classes.WriteIntProp
 0001:0008F99C       Classes.WriteMethodProp
 0001:0008F6AC       Classes.WriteObjectProp
 0001:0008F364       Classes.WriteOrdProp
 0001:0008F168       Classes.WritePropPath
 0001:0008F1C0       Classes.WriteSet
 0001:0008F4D8       Classes.WriteStrProp
 0001:0008FA2C       Classes.WriteVariantProp
 0003:000044D4       CodeHookIntf.AddrGetCodeHook
 0004:00006138       CodeHookIntf.DllHandle
 0003:000044D0       CodeHookIntf.DllInited
 0001:000917FC       CodeHookIntf.Error
 0001:000919D8       CodeHookIntf.GetCodeHook
 0001:0009181C       CodeHookIntf.InitCodeHookDLL
 0001:00091AE8       CodeHookTest..TObjHook
 0001:00091A04       CodeHookTest..TObjTarget
 0002:000004DC       CodeHookTest.CodeHookTest
 0001:00091C00       CodeHookTest.DoTest
 0004:00006144       CodeHookTest.E
 0001:00091F28       CodeHookTest.Finalization
 0004:0000613C       CodeHookTest.GCodeHook
 0004:00006140       CodeHookTest.GCodeHookHelper
 0001:00091EC0       CodeHookTest.InitWithDll
 0001:00091BCC       CodeHookTest.MsgBox
 0001:00091D84       CodeHookTest.TObjHook.TestHook
 0001:00091CF0       CodeHookTest.TObjTarget.TestTarget
 0001:00033000       CommCtrl.ImageList_Create
 0001:00033008       CommCtrl.ImageList_Destroy
 0001:00032FF8       CommCtrl.InitCommonControls
 0001:00033010       CommDlg.GetSaveFileNameA
 0001:00033018       CommDlg.PrintDlg
 0003:00002D94       madCrypt.b64
 0003:00001D4C       madCrypt.CPArr
 0001:00019728       madCrypt.crypt2dwords
 0001:00019BF0       madCrypt.cryptBuf
 0003:00001D94       madCrypt.CSArr
 0001:0001A110       madCrypt.Decode
 0001:0001A264       madCrypt.Decode
 0001:00019DE0       madCrypt.Decrypt
 0001:0001A0AC       madCrypt.Encode
 0001:00019F74       madCrypt.Encode
 0001:00019F08       madCrypt.OldDecrypt
 0001:00019E9C       madCrypt.OldEncrypt
 0001:00019AE8       madCrypt.SetPassword
 0001:000196FC       madCrypt.SwapDword
 0004:00003D84       madDisAsm..1
 0001:0001E798       madDisAsm.AddCodeArea
 0001:0001FB24       madDisAsm.AddLine
 0001:0001E934       madDisAsm.AddSpecialBlock
 0003:00002DE0       madDisAsm.BcbInitExceptBlockLDTC
 0003:000033D0       madDisAsm.C3dNowLabels
 0001:0001F3B4       madDisAsm.CalcCodeBegin
 0001:0001C8D4       madDisAsm.CalcMSize
 0003:000033C8       madDisAsm.Ccc
 0003:00002DD4       madDisAsm.CErrorStr_InvalidCode
 0001:0001E9FC       madDisAsm.CheckAddTarget
 0001:0001D9C0       madDisAsm.CheckFunctionName
 0001:0001B3F8       madDisAsm.CheckPrefix
 0001:0001C0A4       madDisAsm.CheckRegState
 0001:0001DB94       madDisAsm.CheckStringData
 0001:0001BDF8       madDisAsm.CheckTarget
 0001:00021254       madDisAsm.CheckTryRead
 0003:00002DE4       madDisAsm.CKernel32
 0003:00002DE8       madDisAsm.CKernelbase
 0001:0001C7B8       madDisAsm.CodeToHex
 0003:00002DF4       madDisAsm.COpcodeFlags
 0003:00002FF4       madDisAsm.COpcodeFlags0f
 0003:000031F4       madDisAsm.COpcodeFlagsEx
 0003:000033D4       madDisAsm.COpcodeLabelIndex
 0003:000034D4       madDisAsm.COpcodeLabelIndex0f
 0003:000033CC       madDisAsm.COpcodeLabels
 0003:00002DEC       madDisAsm.CReadProcessMemory
 0003:00003348       madDisAsm.CRegLabels
 0003:00002DF0       madDisAsm.CWriteProcessMemory
 0001:0001C998       madDisAsm.DisAsmModRm
 0001:0001FFFC       madDisAsm.DoItAll
 0001:0002121C       madDisAsm.EndTryRead
 0001:00021390       madDisAsm.Finalization
 0001:0001FA90       madDisAsm.FindCodeArea
 0001:0001F44C       madDisAsm.FindCodeArea
 0001:0001C7F8       madDisAsm.FindProcName
 0003:000035DC       madDisAsm.FMagic
 0003:000035E0       madDisAsm.FMagic95
 0003:000035E4       madDisAsm.FMagicReady
 0001:00020FA4       madDisAsm.Fs
 0001:0001A7C0       madDisAsm.GetHalt0Addr
 0001:0001A7A0       madDisAsm.GetHandleAnyExceptionAddr
 0001:0001A7B0       madDisAsm.GetHandleAutoExceptionAddr
 0001:0001A7B8       madDisAsm.GetHandleFinallyAddr
 0001:0001A7A8       madDisAsm.GetHandleOnExceptionAddr
 0001:0001CF4C       madDisAsm.GetLabel
 0003:00002DDC       madDisAsm.GetLineNumber
 0003:00002DD8       madDisAsm.GetProcNameFromMapFile
 0001:0001B8F0       madDisAsm.IsValidOpcode
 0001:0001D4BC       madDisAsm.IxToDw
 0001:0001D7AC       madDisAsm.IxToInt
 0001:00020DDC       madDisAsm.kernel32handle
 0003:000035D4       madDisAsm.kernel32handle_
 0001:00020E70       madDisAsm.kernelbasehandle
 0003:000035D8       madDisAsm.kernelbasehandle_
 0001:00020F08       madDisAsm.KernelProc
 0002:000000FC       madDisAsm.madDisAsm
 0001:00020FA8       madDisAsm.Magic
 0001:00021070       madDisAsm.Magic95
 0001:0001E6E0       madDisAsm.ParseCode
 0001:0001E764       madDisAsm.ParseCode
 0001:0001C590       madDisAsm.ParseCode
 0001:0001DDC0       madDisAsm.ParseCode
 0001:0001EF88       madDisAsm.ParseCodeArea
 0001:0001E77C       madDisAsm.ParseCode_
 0001:0001FA48       madDisAsm.ParseFunction
 0001:00020B38       madDisAsm.ParseFunctionEx
 0001:0001F498       madDisAsm.ParseFunction_
 0001:0001B80C       madDisAsm.ParseImmediateData
 0001:0001B514       madDisAsm.ParseModRm
 0003:000035E8       madDisAsm.ReadProcessMemory
 0001:0001D354       madDisAsm.RegStr
 0001:0001C82C       madDisAsm.St
 0001:00021114       madDisAsm.StartTryRead
 0001:00021318       madDisAsm.TryRead
 0004:00003DA8       madExcept..3
 0001:0004FD30       madExcept..TExceptionBox
 0001:0003E094       madExcept..TIMEAttachments
 0001:0003FD70       madExcept..TIMEException
 0001:0003E6C4       madExcept..TIMEFields
 0001:00039B8C       madExcept..TIMESettings
 0004:00003DBC       madExcept.ActionHandlers
 0004:00003DC0       madExcept.ActionHandlersOO
 0003:00003610       madExcept.AddCmdLineToBugRep
 0001:00053F10       madExcept.AddColumnStr
 0001:0004DDEC       madExcept.AddHeaderInfo
 0001:00059EE0       madExcept.AddItem
 0001:0005CB18       madExcept.AddItem
 0001:00037FC0       madExcept.AddMEProperty
 0001:000597C4       madExcept.AddPatch
 0001:00061CDC       madExcept.AddPtr
 0003:0000364C       madExcept.AmHttpServer
 0003:00003DEC       madExcept.AmInTraceProcess
 0003:000036B0       madExcept.AmMeBpl
 0001:00049A30       madExcept.AmOnline
 0003:00003DF8       madExcept.AmSyncingHandlers
 0001:00053A28       madExcept.AnalyzePiece
 0003:00003E18       madExcept.AntiFreezeCnt
 0003:00003E20       madExcept.AntiFreezeEvent
 0003:00003E14       madExcept.AntiFreezeMsg
 0003:00003E1C       madExcept.AntiFreezePause
 0003:00003E0C       madExcept.AntiFreezeTh
 0001:00042824       madExcept.AntiFreezeThread
 0003:00003E08       madExcept.AntiFreezeTid
 0003:00003E10       madExcept.AntiFreezeWnd
 0003:00003F20       madExcept.Armadillo
 0003:000036A8       madExcept.BcbCallTerminate
 0003:00003694       madExcept.BcbExceptionHandler
 0003:00003738       madExcept.BcbExceptTlsOffset
 0001:00036820       madExcept.BcbGetExceptionObjectCallback
 0004:00003DD0       madExcept.BcbGetExceptionObjectNext
 0003:0000373C       madExcept.BcbGetTls
 0001:00036928       madExcept.BcbInitCatchArgPascalCallback
 0004:00003DD8       madExcept.BcbInitCatchArgPascalNext
 0003:0000369C       madExcept.BcbInitExceptBlockLDTC
 0001:00036738       madExcept.BcbMallocCallback
 0004:00003DCC       madExcept.BcbMallocNext
 0003:000036A4       madExcept.BcbMemcpy
 0003:000036A0       madExcept.BcbOrgMalloc
 0003:000036AC       madExcept.BcbPTerminate
 0001:000368A0       madExcept.BcbRaiseExceptionCallback
 0004:00003DD4       madExcept.BcbRaiseExceptionNext
 0001:000369EC       madExcept.BcbTerminateCallback
 0003:00003698       madExcept.BcbThrowExceptionLDTC
 0003:00003650       madExcept.BugReportHtml
 0003:00003EF4       madExcept.CAdminSia
 0001:00061D5C       madExcept.CalcCheckSum
 0001:00033A88       madExcept.CalibrateCode
 0003:00003648       madExcept.CalibrateData
 0001:000620F4       madExcept.CalibrateModule
 0001:00062220       madExcept.CalibrateModules
 0001:00060A78       madExcept.CallThreadProcSafe
 0003:00003734       madExcept.CBcbXorCheck
 0003:00003E8C       madExcept.CBoundary
 0003:00003DE0       madExcept.CDfmHeader
 0003:00003E4C       madExcept.CEncodeMailto
 0003:00003E6C       madExcept.CEncodeSmtp
 0003:00003678       madExcept.CGIApp_TCGIApplication_CGIHandleException
 0001:00035A8C       madExcept.CheckAutoBtn
 0001:000579D0       madExcept.CheckAutoSave
 0001:00057C5C       madExcept.CheckAutoStuff
 0001:0005078C       madExcept.CheckColDec
 0001:00042AE4       madExcept.CheckEMailAddress
 0001:00037454       madExcept.CheckExceptAddr
 0001:0003725C       madExcept.CheckExceptParams
 0001:00061DB8       madExcept.CheckFileCrc
 0001:0005EEF4       madExcept.CheckFilters
 0001:0004C8F0       madExcept.CheckIt
 0001:000512C4       madExcept.CheckNcLabel
 0001:00061BE0       madExcept.CheckRestart
 0003:00003674       madExcept.Classes_CheckSynchronize
 0001:000347D8       madExcept.ClearTempPath
 0001:000638BC       madExcept.Close
 0001:000429E0       madExcept.CloseAntiFreeze
 0003:00003618       madExcept.CloseAppExitCode
 0001:0004FC00       madExcept.CloseApplication
 0001:00061470       madExcept.CloseCreateThreadHook
 0001:00042314       madExcept.CloseFireHandlers
 0001:00058310       madExcept.CloseHandleExceptionThread
 0001:000616DC       madExcept.CloseMessageHooks
 0003:00003600       madExcept.CMadExceptVersionString
 0003:00003740       madExcept.CMEProperties
 0003:00003E90       madExcept.CMonths
 0003:000036C4       madExcept.CNtObjAttr
 0001:00053EB4       madExcept.ColumnExists
 0001:0004DF68       madExcept.CompareHeaderInfo
 0001:0005879C       madExcept.CompletePhaseHandlerExists
 0001:00034908       madExcept.CompName
 0001:0004B5F8       madExcept.ConnectToServer
 0001:00041D68       madExcept.ContainsSyncHandler
 0001:00060004       madExcept.CreateAVStr
 0001:00055958       madExcept.CreateButton
 0001:000549C0       madExcept.CreateListView
 0001:000558AC       madExcept.CreateWindow_
 0003:00003EC0       madExcept.CRes
 0003:000036DC       madExcept.CsVersion
 0001:0005387C       madExcept.CutInPieces
 0003:00003E28       madExcept.CValidChars
 0001:000507E4       madExcept.DecCol
 0001:0004DA30       madExcept.DecryptPassword
 0001:00056D58       madExcept.DefaultBugReportHtml
 0001:00051340       madExcept.DefWindowProcX
 0001:00038934       madExcept.DereferenceMeSettingsBuf
 0001:00038E7C       madExcept.DereferenceMeSettingsModule
 0003:00003614       madExcept.DetectConsole
 0003:00003654       madExcept.DisAsmFunc
 0001:00057ABC       madExcept.DoExceptionAutoStuff
 0001:00041EC4       madExcept.DoFireHandlers
 0003:0000363C       madExcept.DontReformatExcMsg
 0003:00003628       madExcept.DontUseProxy
 0001:00050BF0       madExcept.DrawLine
 0001:000511A4       madExcept.DrawLineEx
 0003:00003620       madExcept.DumbStackTrace
 0001:0005F394       madExcept.Ebp
 0001:0004A078       madExcept.EncodeStr
 0001:00038654       madExcept.EnterSettingsMutex
 0001:000619CC       madExcept.EnumWindowProc
 0001:0005ED60       madExcept.EnumWindowsProc
 0001:0005F38C       madExcept.Esp
 0004:00003DB4       madExcept.ExceptHandlers
 0004:00003DB8       madExcept.ExceptHandlersOO
 0003:00003F00       madExcept.exceptionNumber
 0001:00035C80       madExcept.ExpandVars
 0001:0004E9A4       madExcept.ExtractBugReportHeaderField
 0001:00034340       madExcept.ExtractFileDrive
 0001:00034248       madExcept.ExtractFileName
 0001:000342C4       madExcept.ExtractFilePath
 0001:0004DCA0       madExcept.ExtractHeaderInfo
 0001:00036678       madExcept.FillClipboard
 0001:00038B0C       madExcept.FillProps
 0001:00063A94       madExcept.Finalization
 0001:00061F7C       madExcept.FindBpl
 0001:0005EE50       madExcept.FindClass
 0001:00052B20       madExcept.FindColumns
 0001:000529E8       madExcept.FindLines
 0001:00038500       madExcept.FindMEProperty
 0001:00047AFC       madExcept.FindMeSettings
 0001:00041420       madExcept.FireHandlers
 0003:00003DF4       madExcept.FireHandlersMsg
 0003:00003DF0       madExcept.FireHandlersWnd
 0001:0004DBBC       madExcept.ForceDir
 0003:00003634       madExcept.ForceUtf8
 0001:000365CC       madExcept.FormatExceptMessage
 0001:00048FC8       madExcept.FormatMailAddr
 0003:00003658       madExcept.Forms_TApplication_HandleException
 0003:0000365C       madExcept.Forms_TApplication_ShowException
 0001:0004A06C       madExcept.FourBitToHex
 0001:00038E1C       madExcept.FreeProps
 0003:00003E24       madExcept.FreezeTimeout
 0001:00059484       madExcept.Get9xResourceReport
 0001:0005971C       madExcept.GetAllocatedMemory
 0001:0004B368       madExcept.GetAttachSize
 0001:00037158       madExcept.GetBcbExceptInfo
 0001:00061734       madExcept.GetBugReport
 0001:0004DAC0       madExcept.GetBugReportFile
 0001:0005C188       madExcept.GetCleartextDisAsm
 0001:000512A8       madExcept.GetClientCursorPos
 0001:00059210       madExcept.GetCpuCount
 0001:00059160       madExcept.GetCpuName
 0001:0005BB5C       madExcept.GetCpuRegisters
 0001:0004B6DC       madExcept.GetDateTimeStr
 0001:0004DFFC       madExcept.GetDesktopDir
 0001:00059D68       madExcept.GetDiskStr
 0001:00059540       madExcept.GetDisplayModeString
 0001:0004A528       madExcept.GetDnsIps
 0001:0005EE38       madExcept.GetExceptBoxHandle
 0001:000363C0       madExcept.GetExceptClass_
 0001:00036478       madExcept.GetExceptMessage_
 0001:00043078       madExcept.GetFileTime
 0001:00036A6C       madExcept.GetHandleAnyExceptionAddr
 0001:0004A8C4       madExcept.GetLabel
 0001:00059304       madExcept.GetMemoryStatus
 0001:00037F68       madExcept.GetMeSettingsRes
 0001:00061548       madExcept.GetMessageCallbackA
 0001:00061594       madExcept.GetMessageCallbackW
 0001:0004B814       madExcept.GetMessageId
 0001:00034CA4       madExcept.GetModuleList
 0001:00058FBC       madExcept.GetOsLanguageString
 0001:00058F0C       madExcept.GetOsVersionString
 0001:00059654       madExcept.GetProcessMemInfo
 0001:0005905C       madExcept.GetProgramUpTime
 0001:000389BC       madExcept.GetPropStr
 0001:0004CE68       madExcept.GetProxyServer
 0001:00043104       madExcept.GetScreenShotFile
 0001:00034BBC       madExcept.GetSeconds
 0001:0004A9F4       madExcept.GetServers
 0001:0005BEE0       madExcept.GetStackDump
 0001:00059004       madExcept.GetSystemUpTime
 0001:00054974       madExcept.GetTabClientRect
 0001:000356F8       madExcept.GetTebIndex
 0001:00034688       madExcept.GetTempPath
 0001:0005C96C       madExcept.GetThreadInfos
 0001:00035384       madExcept.GetThreadInfoStr
 0001:00033CD8       madExcept.GetThreadList
 0001:0005B900       madExcept.GetThreadReport
 0001:0005CC00       madExcept.GetThreadStack
 0001:00058B8C       madExcept.GetTSClientName
 0001:00049994       madExcept.GoOnline
 0001:00042C20       madExcept.HandleContactForm
 0001:00060C1C       madExcept.HandleCreateThreadHook
 0001:000583D4       madExcept.HandleException
 0003:00003EEC       madExcept.HandleExceptionRP
 0003:00003EE8       madExcept.HandleExceptionTh
 0001:0005823C       madExcept.HandleExceptionThread
 0003:00003EE4       madExcept.HandleExceptionTid
 0003:00003EF0       madExcept.HandleExceptionWP
 0001:0006064C       madExcept.HandleHiddenException
 0003:000036B4       madExcept.HandlerSection
 0001:00043184       madExcept.HandleScreenshotForm
 0003:00003638       madExcept.HiddenAutoMailing
 0004:00003DC4       madExcept.HiddenHandlers
 0004:00003DC8       madExcept.HiddenHandlersOO
 0001:00036A80       madExcept.HookBcbExceptions
 0001:000610AC       madExcept.HookedCreateRemoteThread
 0001:00061000       madExcept.HookedCreateThread
 0001:00061204       madExcept.HookedQueueUserWorkItem
 0001:00060B78       madExcept.HookedTThreadExecute
 0001:000369C8       madExcept.HookHandleAnyException
 0003:00003680       madExcept.HttpExtensionProcNext
 0003:00003624       madExcept.HttpUploadTimeout
 0001:00061AC0       madExcept.HyperJumpCallstack
 0001:00062308       madExcept.Init
 0001:00042950       madExcept.InitAntiFreeze
 0001:00061304       madExcept.InitCreateThreadHook
 0001:000422F4       madExcept.InitFireHandlers
 0001:00058298       madExcept.InitHandleExceptionThread
 0001:000615E0       madExcept.InitMessageHooks
 0001:00034C00       madExcept.InitSecAttr
 0001:00035850       madExcept.InRangeOrZero
 0001:0005F57C       madExcept.InterceptAHandleExcept
 0001:0005F554       madExcept.InterceptAShowExcept
 0001:0005F5C0       madExcept.InterceptCGIHandleException
 0001:00060538       madExcept.InterceptExceptionHandler
 0001:0005FF20       madExcept.InterceptExceptProc
 0001:0005FEC4       madExcept.InterceptFinalizeUnits
 0001:00060844       madExcept.InterceptFreeExceptObject
 0001:0006059C       madExcept.InterceptHandleAutoException
 0001:0005F9E8       madExcept.InterceptHttpExtensionProc
 0001:0005FE3C       madExcept.InterceptInitializePackage
 0001:0005F5E8       madExcept.InterceptISAPIHandleException
 0001:0005F844       madExcept.InterceptServerSupportFunction
 0001:0005F528       madExcept.InterceptSShowExcept
 0001:0005FCF8       madExcept.InterceptSynchronize
 0001:0005FD54       madExcept.InterceptWriteErrorMessage
 0001:00034E04       madExcept.InvalidImportTable
 0003:00003F1C       madExcept.IRCount
 0004:00003E04       madExcept.IRList
 0003:00003F18       madExcept.IRSection
 0003:0000367C       madExcept.ISAPIApp_TISAPIApplication_ISAPIHandleException
 0005:000000DC       madExcept.isapiBugReport
 0005:000000E0       madExcept.isapiExceptAddr
 0001:000362E4       madExcept.IsClass
 0001:00037370       madExcept.IsCorrectExceptAddr
 0001:00042324       madExcept.IsDelphiThread
 0001:000356AC       madExcept.IsNewCs
 0001:00035730       madExcept.IsProcessBlocked
 0001:00035708       madExcept.IsSectionLocked
 0001:0005C93C       madExcept.IsThreadSuspended
 0001:00058ACC       madExcept.IsUserAdmin
 0001:000357A0       madExcept.IsValidIdent
 0001:00035864       madExcept.IsValidObject
 0001:00034448       madExcept.KillExt
 0003:000036E4       madExcept.Last10Exceptions
 0005:00000010       madExcept.LastContext
 0005:0000000C       madExcept.LastExceptAddr
 0005:00000008       madExcept.LastExceptObject
 0001:0003870C       madExcept.LeaveSettingsMutex
 0001:0005FE9C       madExcept.Log1
 0002:00000154       madExcept.madExcept
 0003:000036B8       madExcept.madExceptBuf
 0003:00003EFC       madExcept.MadExceptPause
 0001:000617CC       madExcept.madTraceProcess
 0001:00048F7C       madExcept.MailAddrCount
 0001:0004BFBC       madExcept.MailIt
 0001:0004B3E4       madExcept.Mail_PrepareProgress
 0003:00003E00       madExcept.MainThreadSE
 0001:00060264       madExcept.MapToRunError
 0001:00047D48       madExcept.MESettings
 0001:00047C84       madExcept.MESettings
 0001:00047E68       madExcept.MESettings
 0003:00003DE4       madExcept.meSettingsBuf
 0001:00047E88       madExcept.MESettingsEx
 0001:00034214       madExcept.ModuleName
 0001:0004AEF0       madExcept.MxLookup
 0001:0005F398       madExcept.MyExceptObjProc
 0001:0005F4C0       madExcept.MyExceptObjProc1
 0001:0005F4C8       madExcept.MyExceptObjProc2
 0001:0005F4D4       madExcept.MyRaiseExceptProc
 0003:00003DE8       madExcept.mySettings
 0001:000352CC       madExcept.NameThread
 0001:00048F58       madExcept.NewAttachments
 0001:0005EFB8       madExcept.NewException
 0003:00003F24       madExcept.NextCreateThread
 0003:00003F30       madExcept.NextGetMessageA
 0003:00003F38       madExcept.NextGetMessageW
 0003:00003F34       madExcept.NextPeekMessageA
 0003:00003F3C       madExcept.NextPeekMessageW
 0003:00003F28       madExcept.NextQueueUserWorkItem
 0003:00003630       madExcept.NoOnlineCheck
 0001:0004AB54       madExcept.nslookup
 0003:000036C0       madExcept.NtOpenThreadProc
 0003:00003F40       madExcept.OldExceptionFilter
 0003:00003604       madExcept.OnExceptBoxCreate
 0003:00003608       madExcept.OnExceptBoxDestroy
 0001:00034060       madExcept.OpenThread
 0003:000036BC       madExcept.OpenThreadProc
 0003:00003E04       madExcept.OtherThreadsSE
 0004:00003DE0       madExcept.OutOfMemoryInsurance
 0001:00038094       madExcept.ParseMEProperties
 0001:00060854       madExcept.PatchAPI
 0001:00059A5C       madExcept.PatchCall
 0001:00034EDC       madExcept.PatchImportTable
 0001:00034F74       madExcept.PatchImportTables
 0001:00059A7C       madExcept.PatchInt
 0001:00059A2C       madExcept.PatchJmp
 0004:00003E00       madExcept.PatchList
 0001:00061230       madExcept.PatchRelCall
 0001:00042A60       madExcept.PauseFreezeCheck
 0001:000426A0       madExcept.PauseMeEventually
 0001:0006156C       madExcept.PeekMessageCallbackA
 0001:000615B8       madExcept.PeekMessageCallbackW
 0003:00003F08       madExcept.PExceptObjProc
 0001:000496C4       madExcept.Ping
 0003:00003E48       madExcept.PingCount
 0004:00003DA4       madExcept.Plugins
 0003:00003F0C       madExcept.PMyExceptObjProc1
 0003:00003F10       madExcept.PMyExceptObjProc2
 0003:00003F14       madExcept.PMyRaiseExceptProc
 0001:00049088       madExcept.PrepareAttachments
 0001:00054440       madExcept.PrepareListView_AutoFormat
 0001:00052D78       madExcept.PrepareListView_Columns
 0001:000530B4       madExcept.PrepareListView_CpuRegs
 0001:0005349C       madExcept.PrepareListView_DisAsm
 0001:00053028       madExcept.PrepareListView_Header
 0001:00052EF4       madExcept.PrepareListView_Items
 0001:00053218       madExcept.PrepareListView_Modules
 0001:000532D8       madExcept.PrepareListView_Processes
 0001:00053168       madExcept.PrepareListView_StackDump
 0001:00053FE0       madExcept.PrepareListView_Thread
 0001:0005D210       madExcept.PrepareThreadReport
 0001:0004F6AC       madExcept.PrintBugReport
 0003:0000360C       madExcept.ProcessMainThreadId
 0003:0000362C       madExcept.ProxyServer
 0001:00041A68       madExcept.PutAssisIntoBugReport
 0003:00003660       madExcept.Qforms_TApplication_HandleException
 0003:00003664       madExcept.Qforms_TApplication_ShowException
 0001:0005FEA0       madExcept.RealStuff
 0001:000427E4       madExcept.ReceiveAntiFreeze
 0001:00041A40       madExcept.ReceiveFireHandlers
 0001:00057D58       madExcept.ReceiveHandleException
 0001:0004B8B0       madExcept.RecvStr
 0001:0004CA40       madExcept.RecvStr
 0001:00038720       madExcept.ReferenceMeSettingsBuf
 0001:00038CFC       madExcept.ReferenceMeSettingsModule
 0001:00038EF0       madExcept.RefreshProps
 0001:00034B24       madExcept.RegDelVal
 0001:00058850       madExcept.RegisterBugReportPlugin
 0001:00058914       madExcept.RegisterBugReportPlugin
 0001:00034940       madExcept.RegReadStr
 0001:00034A50       madExcept.RegWriteStr
 0001:000344C4       madExcept.RelativeToAbsolute
 0001:0005F710       madExcept.RemoveIR
 0001:0004CF48       madExcept.RemoveProtocol
 0001:0005FF74       madExcept.Replace1Str
 0001:00035B10       madExcept.ReplaceVersion
 0003:0000361C       madExcept.ResetFpuMode
 0001:0004FAB0       madExcept.RestartApplication
 0001:00042780       madExcept.ResumeMainThread
 0001:00060530       madExcept.RtlUnwind
 0001:0004E138       madExcept.SaveBugReportEx
 0001:0004EB98       madExcept.SendBugReportEx
 0001:0004EB58       madExcept.SendBugReportExThread
 0001:0004CBE0       madExcept.SendFile
 0001:0004BC30       madExcept.SendFile
 0001:00049D24       madExcept.SendMapiMailEx
 0001:0004BB84       madExcept.SendRecv
 0001:0004A1CC       madExcept.SendShellMail
 0001:0004B2B8       madExcept.SendStr
 0001:00037F84       madExcept.SetMEPropertyStr
 0001:00038A44       madExcept.SetPropStr
 0001:00035004       madExcept.SetThreadInfo
 0001:00035AF8       madExcept.SHGetMalloc
 0001:00035B08       madExcept.SHGetPathFromIDListA
 0001:00035B00       madExcept.SHGetSpecialFolderLocation
 0003:00003644       madExcept.ShowBugReportKey
 0001:000574B8       madExcept.ShowExceptBox
 0001:0005771C       madExcept.ShowException
 0003:00003640       madExcept.SmtpMailFrom
 0001:0004D7E8       madExcept.SmtpOrUpload
 0001:00049C18       madExcept.SplitEMailAddr
 0004:00003DAC       madExcept.StartTime
 0001:0004AAE8       madExcept.StrToSAddr
 0001:00042434       madExcept.SuspendDelphiThreads
 0001:000427B8       madExcept.SuspendMainThread
 0003:00003DFC       madExcept.SuspendSection
 0004:00003DDC       madExcept.SuspendThreadIds
 0001:00061CE4       madExcept.System_DoneExcept
 0003:0000368C       madExcept.System_ExceptionHandler
 0003:00003688       madExcept.System_FinalizeUnits
 0003:000036E0       madExcept.System_FpuInit
 0001:00061CF8       madExcept.System_Halt0
 0001:00061D20       madExcept.System_HandleAnyException
 0001:00061D0C       madExcept.System_HandleAutoException
 0001:00061D34       madExcept.System_HandleOnException
 0003:00003684       madExcept.System_InitUnits
 0001:00061D48       madExcept.System_RaiseExcept
 0003:00003690       madExcept.System_runErrMsg
 0003:00003670       madExcept.SysUtils_InitializePackage
 0003:0000366C       madExcept.SysUtils_LoadPackage
 0003:00003668       madExcept.SysUtils_ShowException
 0001:000520B8       madExcept.TExceptionBox.BugReportChanged
 0001:00054DB4       madExcept.TExceptionBox.CheckCurrentTab
 0001:00055480       madExcept.TExceptionBox.CheckTabs
 0001:0005114C       madExcept.TExceptionBox.CloseMainWnd
 0001:00055AFC       madExcept.TExceptionBox.Create
 0001:00056CA4       madExcept.TExceptionBox.Destroy
 0001:00051378       madExcept.TExceptionBox.DialogWndMethod
 0001:00051178       madExcept.TExceptionBox.DoDetails
 0001:00050C70       madExcept.TExceptionBox.DrawButton
 0001:00050900       madExcept.TExceptionBox.DrawGraphic
 0001:00050FE4       madExcept.TExceptionBox.FlashButton
 0001:000506F8       madExcept.TExceptionBox.GetTextWidth
 0001:00052110       madExcept.TExceptionBox.ListViewWndProc
 0001:00060AB8       madExcept.ThreadExceptFrame
 0003:00003F2C       madExcept.ThreadsHooked
 0001:00048968       madExcept.TIMEAttachments.Add
 0001:00048C6C       madExcept.TIMEAttachments.Clear
 0001:00048D90       madExcept.TIMEAttachments.ClearParent
 0001:00048CE4       madExcept.TIMEAttachments.Clone
 0001:00048EE8       madExcept.TIMEAttachments.Create
 0001:00048B40       madExcept.TIMEAttachments.Delete
 0001:00048F28       madExcept.TIMEAttachments.Destroy
 0001:000488B0       madExcept.TIMEAttachments.GetItem
 0001:000488AC       madExcept.TIMEAttachments.GetItemCount
 0001:00048894       madExcept.TIMEAttachments.Lock
 0001:00048D98       madExcept.TIMEAttachments.Modified
 0001:000488A0       madExcept.TIMEAttachments.Unlock
 0001:0005DF48       madExcept.TIMEException.BeginUpdate
 0001:0005E9EC       madExcept.TIMEException.CloseApplication
 0001:0005C280       madExcept.TIMEException.CompleteBugReport
 0001:0005E93C       madExcept.TIMEException.ContinueApplication
 0001:0005EBA0       madExcept.TIMEException.Create
 0001:0005E404       madExcept.TIMEException.CriticalBugReportCallbackExists
 0001:0005EC18       madExcept.TIMEException.Destroy
 0001:0005DF54       madExcept.TIMEException.EndUpdate
 0001:0005EA54       madExcept.TIMEException.FindProp
 0001:0005E550       madExcept.TIMEException.FireChangeEvent
 0001:0005EB80       madExcept.TIMEException.FirstAutoSave
 0001:0005EB68       madExcept.TIMEException.FirstCompleteCallback
 0001:00059AF8       madExcept.TIMEException.GetAppendScreenShot
 0001:0005D83C       madExcept.TIMEException.GetBugReport
 0001:00059FC8       madExcept.TIMEException.GetBugReportHeader
 0001:0005D404       madExcept.TIMEException.GetBugReportSections
 0001:00059ACC       madExcept.TIMEException.GetBugReport_
 0001:00059AF0       madExcept.TIMEException.GetCallHandlers
 0001:00059C0C       madExcept.TIMEException.GetCallstackCrc
 0001:00059A98       madExcept.TIMEException.GetCanContinue
 0001:0005C934       madExcept.TIMEException.GetCompleteThreadId
 0001:00059C20       madExcept.TIMEException.GetContext
 0001:00059AB0       madExcept.TIMEException.GetCrashedThreadId
 0001:00059AE0       madExcept.TIMEException.GetCreateBugReport
 0001:00059AE8       madExcept.TIMEException.GetCreateScreenShot
 0001:00059AAC       madExcept.TIMEException.GetExceptAddr
 0001:00059B20       madExcept.TIMEException.GetExceptClass
 0001:00059B8C       madExcept.TIMEException.GetExceptMessage
 0001:00059AA8       madExcept.TIMEException.GetExceptObject
 0001:00059AA0       madExcept.TIMEException.GetExceptType
 0001:0005EB58       madExcept.TIMEException.GetMailWasSaved
 0001:0005EB48       madExcept.TIMEException.GetMailWasSent
 0001:00059AC4       madExcept.TIMEException.GetPackage
 0001:00059A90       madExcept.TIMEException.GetPhase
 0001:00059ABC       madExcept.TIMEException.GetRelatedObject
 0001:0005DE70       madExcept.TIMEException.GetScreenShot
 0001:00059B08       madExcept.TIMEException.GetShowAssistant
 0001:00059B00       madExcept.TIMEException.GetShowSetting
 0001:00059AB4       madExcept.TIMEException.GetSource
 0001:0005E8A0       madExcept.TIMEException.PrintBugReport
 0001:0005EB98       madExcept.TIMEException.PSendThread
 0001:0005E0D8       madExcept.TIMEException.RegisterBugReportCallback
 0001:0005DF7C       madExcept.TIMEException.RegisterBugReportCallback
 0001:0005E984       madExcept.TIMEException.RestartApplication
 0001:0005E7F8       madExcept.TIMEException.SaveBugReport
 0001:0005E6FC       madExcept.TIMEException.SendBugReport
 0001:00059C74       madExcept.TIMEException.SetAppendScreenShot
 0001:0005D7E4       madExcept.TIMEException.SetBugReport
 0001:00059C6C       madExcept.TIMEException.SetCallHandlers
 0001:00059C48       madExcept.TIMEException.SetCanContinue
 0001:00059C5C       madExcept.TIMEException.SetCreateBugReport
 0001:00059C64       madExcept.TIMEException.SetCreateScreenShot
 0001:0005EB60       madExcept.TIMEException.SetMailWasSaved
 0001:0005EB50       madExcept.TIMEException.SetMailWasSent
 0001:0005E4BC       madExcept.TIMEException.SetModified
 0001:00059C30       madExcept.TIMEException.SetPhase
 0001:0005DEF8       madExcept.TIMEException.SetScreenShot
 0001:00059C84       madExcept.TIMEException.SetShowAssistant
 0001:00059C7C       madExcept.TIMEException.SetShowSetting
 0001:0005E6CC       madExcept.TIMEException.Show
 0001:0005E6DC       madExcept.TIMEException.ShowBugReport
 0001:0005E328       madExcept.TIMEException.UnregisterBugReportCallback
 0001:0005E258       madExcept.TIMEException.UnregisterBugReportCallback
 0001:0004881C       madExcept.TIMEFields.AcceptData
 0001:000482AC       madExcept.TIMEFields.Add
 0001:000486D0       madExcept.TIMEFields.ClearExcParent
 0001:000486D8       madExcept.TIMEFields.ClearMesParent
 0001:000485E0       madExcept.TIMEFields.Clone
 0001:00048824       madExcept.TIMEFields.Create
 0001:0004858C       madExcept.TIMEFields.Delete
 0001:000484E4       madExcept.TIMEFields.Delete
 0001:00048864       madExcept.TIMEFields.Destroy
 0001:00048010       madExcept.TIMEFields.FindItem
 0001:000480C0       madExcept.TIMEFields.GetContent
 0001:00047EF0       madExcept.TIMEFields.GetItem
 0001:00047EEC       madExcept.TIMEFields.GetItemCount
 0001:00048310       madExcept.TIMEFields.Insert
 0001:00047EB4       madExcept.TIMEFields.Lock
 0001:000486E0       madExcept.TIMEFields.Modified
 0001:00048818       madExcept.TIMEFields.SetAddIndex
 0001:00048160       madExcept.TIMEFields.SetContent
 0001:00047F5C       madExcept.TIMEFields.SetItem
 0001:00047ED0       madExcept.TIMEFields.Unlock
 0001:000435F8       madExcept.TIMESettings.CheckFileCrc
 0001:00043620       madExcept.TIMESettings.CheckForFreeze
 0001:00047958       madExcept.TIMESettings.Create
 0001:00047A30       madExcept.TIMESettings.Destroy
 0001:00043544       madExcept.TIMESettings.Enabled
 0001:000474B4       madExcept.TIMESettings.FillFormCache
 0001:00046E68       madExcept.TIMESettings.FindProp
 0001:00043644       madExcept.TIMESettings.FreezeTimeout
 0001:00044940       madExcept.TIMESettings.GetAdditionalAttachments
 0001:00044A94       madExcept.TIMESettings.GetAdditionalFields
 0001:000441C0       madExcept.TIMESettings.GetAppendBugReports
 0001:00046BC4       madExcept.TIMESettings.GetAssistant
 0001:00043FCC       madExcept.TIMESettings.GetAttachBugReport
 0001:00043FF4       madExcept.TIMESettings.GetAttachBugReportFile
 0001:00044820       madExcept.TIMESettings.GetAuthMsg
 0001:00043704       madExcept.TIMESettings.GetAutoClipboard
 0001:000437C0       madExcept.TIMESettings.GetAutoClose
 0001:00043774       madExcept.TIMESettings.GetAutoContinue
 0001:000437E4       madExcept.TIMESettings.GetAutoDelay
 0001:0004379C       madExcept.TIMESettings.GetAutoRestart
 0001:0004366C       madExcept.TIMESettings.GetAutoSave
 0001:00043690       madExcept.TIMESettings.GetAutoSaveIfNotSent
 0001:000436BC       madExcept.TIMESettings.GetAutoSend
 0001:000436E0       madExcept.TIMESettings.GetAutoSendPrgrBox
 0001:00043CEC       madExcept.TIMESettings.GetAutoShowBugReport
 0001:000444B4       madExcept.TIMESettings.GetBitFaultMsg
 0001:00044190       madExcept.TIMESettings.GetBugReportFile
 0001:000441E8       madExcept.TIMESettings.GetBugReportFileSize
 0001:00044048       madExcept.TIMESettings.GetBugReportSendAs
 0001:0004407C       madExcept.TIMESettings.GetBugReportZip
 0001:0004460C       madExcept.TIMESettings.GetCloseBtnCaption
 0001:00043C0C       madExcept.TIMESettings.GetCloseBtnVisible
 0001:000447F4       madExcept.TIMESettings.GetConnectMsg
 0001:000445A4       madExcept.TIMESettings.GetContinueBtnCaption
 0001:00043BBC       madExcept.TIMESettings.GetContinueBtnVisible
 0001:00044020       madExcept.TIMESettings.GetDeleteBugReportFile
 0001:0004466C       madExcept.TIMESettings.GetDetailsBtnCaption
 0001:00044260       madExcept.TIMESettings.GetDupExceptDef
 0001:00044290       madExcept.TIMESettings.GetDupFreezeDef
 0001:00044454       madExcept.TIMESettings.GetExceptMsg
 0001:0004487C       madExcept.TIMESettings.GetFieldsMsg
 0001:00043AA8       madExcept.TIMESettings.GetFilter1Assistant
 0001:00043808       madExcept.TIMESettings.GetFilter1Classes
 0001:00043868       madExcept.TIMESettings.GetFilter1NoBugReport
 0001:000439AC       madExcept.TIMESettings.GetFilter1NoHandlers
 0001:000438D4       madExcept.TIMESettings.GetFilter1NoScreenShot
 0001:00043940       madExcept.TIMESettings.GetFilter1NoSuspend
 0001:00043A24       madExcept.TIMESettings.GetFilter1ShowSetting
 0001:00043AD4       madExcept.TIMESettings.GetFilter2Assistant
 0001:00043838       madExcept.TIMESettings.GetFilter2Classes
 0001:0004388C       madExcept.TIMESettings.GetFilter2NoBugReport
 0001:000439D4       madExcept.TIMESettings.GetFilter2NoHandlers
 0001:000438F8       madExcept.TIMESettings.GetFilter2NoScreenShot
 0001:00043964       madExcept.TIMESettings.GetFilter2NoSuspend
 0001:00043A50       madExcept.TIMESettings.GetFilter2ShowSetting
 0001:00043C30       madExcept.TIMESettings.GetFocusedButton
 0001:000443C4       madExcept.TIMESettings.GetFormatDisassembly
 0001:00044484       madExcept.TIMESettings.GetFrozenMsg
 0001:00043B00       madExcept.TIMESettings.GetGeneralAssistant
 0001:000438B0       madExcept.TIMESettings.GetGeneralNoBugReport
 0001:000439FC       madExcept.TIMESettings.GetGeneralNoHandlers
 0001:0004391C       madExcept.TIMESettings.GetGeneralNoScreenShot
 0001:00043988       madExcept.TIMESettings.GetGeneralNoSuspend
 0001:00043A7C       madExcept.TIMESettings.GetGeneralShowSetting
 0001:0004434C       madExcept.TIMESettings.GetHideUglyItems
 0001:00043F68       madExcept.TIMESettings.GetHttpAccount
 0001:00043F98       madExcept.TIMESettings.GetHttpPassword
 0001:00043F44       madExcept.TIMESettings.GetHttpPort
 0001:00043F14       madExcept.TIMESettings.GetHttpServer
 0001:000443EC       madExcept.TIMESettings.GetLimitDisassembly
 0001:000442C0       madExcept.TIMESettings.GetListThreads
 0001:00043D38       madExcept.TIMESettings.GetMailAddr
 0001:00043DBC       madExcept.TIMESettings.GetMailAsSmtpClient
 0001:00043D90       madExcept.TIMESettings.GetMailAsSmtpServer
 0001:00044730       madExcept.TIMESettings.GetMailBody
 0001:00044160       madExcept.TIMESettings.GetMailFrom
 0001:00044700       madExcept.TIMESettings.GetMailSubject
 0001:00043E34       madExcept.TIMESettings.GetMailViaMailto
 0001:00043E10       madExcept.TIMESettings.GetMailViaMapi
 0001:000447C4       madExcept.TIMESettings.GetMxLookupMsg
 0001:00044210       madExcept.TIMESettings.GetNoDupExcepts
 0001:00044238       madExcept.TIMESettings.GetNoDupFreezes
 0001:00043D14       madExcept.TIMESettings.GetNoOwnerDrawButtons
 0001:0004463C       madExcept.TIMESettings.GetOkBtnCaption
 0001:000446D0       madExcept.TIMESettings.GetPleaseWaitText
 0001:000446A0       madExcept.TIMESettings.GetPleaseWaitTitle
 0001:00044BC4       madExcept.TIMESettings.GetPluginEnabled
 0001:00044794       madExcept.TIMESettings.GetPrepareAttachMsg
 0001:00043CBC       madExcept.TIMESettings.GetPrintAssistant
 0001:00044544       madExcept.TIMESettings.GetPrintBtnCaption
 0001:00043B74       madExcept.TIMESettings.GetPrintBtnVisible
 0001:00046F5C       madExcept.TIMESettings.GetPropBool
 0001:0004723C       madExcept.TIMESettings.GetPropDw
 0001:00047028       madExcept.TIMESettings.GetPropInt
 0001:000470F4       madExcept.TIMESettings.GetPropStr
 0001:000445D8       madExcept.TIMESettings.GetRestartBtnCaption
 0001:00043BE4       madExcept.TIMESettings.GetRestartBtnVisible
 0001:00043C8C       madExcept.TIMESettings.GetSaveAssistant
 0001:00044514       madExcept.TIMESettings.GetSaveBtnCaption
 0001:00043B50       madExcept.TIMESettings.GetSaveBtnVisible
 0001:000440D4       madExcept.TIMESettings.GetScreenShotAppOnly
 0001:000440AC       madExcept.TIMESettings.GetScreenShotDepth
 0001:000440FC       madExcept.TIMESettings.GetScreenShotSendAs
 0001:00044130       madExcept.TIMESettings.GetScreenShotZip
 0001:00047954       madExcept.TIMESettings.GetSelf
 0001:00043C5C       madExcept.TIMESettings.GetSendAssistant
 0001:000448AC       madExcept.TIMESettings.GetSendAttachMsg
 0001:00044760       madExcept.TIMESettings.GetSendBoxTitle
 0001:000444E4       madExcept.TIMESettings.GetSendBtnCaption
 0001:00043B2C       madExcept.TIMESettings.GetSendBtnVisible
 0001:00044910       madExcept.TIMESettings.GetSendFailureMsg
 0001:000448DC       madExcept.TIMESettings.GetSendFinalizeMsg
 0001:00043D68       madExcept.TIMESettings.GetSendInBackground
 0001:0004484C       madExcept.TIMESettings.GetSendMailMsg
 0001:00044574       madExcept.TIMESettings.GetShowBtnCaption
 0001:00043B98       madExcept.TIMESettings.GetShowBtnVisible
 0001:000442E4       madExcept.TIMESettings.GetShowCpuRegisters
 0001:00044328       madExcept.TIMESettings.GetShowDisAsm
 0001:00043750       madExcept.TIMESettings.GetShowPleaseWaitBox
 0001:00044374       madExcept.TIMESettings.GetShowRelativeAddrs
 0001:0004439C       madExcept.TIMESettings.GetShowRelativeLines
 0001:00044304       madExcept.TIMESettings.GetShowStackDump
 0001:00043EB0       madExcept.TIMESettings.GetSmtpAccount
 0001:00043EE0       madExcept.TIMESettings.GetSmtpPassword
 0001:00043E8C       madExcept.TIMESettings.GetSmtpPort
 0001:00043E5C       madExcept.TIMESettings.GetSmtpServer
 0001:00043728       madExcept.TIMESettings.GetSuspendThreads
 0001:00044424       madExcept.TIMESettings.GetTitleBar
 0001:00043DE8       madExcept.TIMESettings.GetUploadViaHttp
 0001:00043538       madExcept.TIMESettings.IsValid
 0001:00043564       madExcept.TIMESettings.MinDebugInfoOnly
 0001:00043540       madExcept.TIMESettings.Module
 0001:000435D4       madExcept.TIMESettings.NoOwnSettings
 0001:000476D0       madExcept.TIMESettings.ReadFormCache
 0001:000474A8       madExcept.TIMESettings.Reload
 0001:00045E44       madExcept.TIMESettings.SetAppendBugReports
 0001:00045AEC       madExcept.TIMESettings.SetAttachBugReport
 0001:00045B18       madExcept.TIMESettings.SetAttachBugReportFile
 0001:00046954       madExcept.TIMESettings.SetAuthMsg
 0001:00044E5C       madExcept.TIMESettings.SetAutoClipboard
 0001:00044F2C       madExcept.TIMESettings.SetAutoClose
 0001:00044ED8       madExcept.TIMESettings.SetAutoContinue
 0001:00044F54       madExcept.TIMESettings.SetAutoDelay
 0001:00044F04       madExcept.TIMESettings.SetAutoRestart
 0001:00044DB4       madExcept.TIMESettings.SetAutoSave
[...]
 0003:00003348       madDisAsm.CRegLabels
 0003:000033C8       madDisAsm.Ccc
 0003:000033CC       madDisAsm.COpcodeLabels
 0003:000033D0       madDisAsm.C3dNowLabels
 0003:000033D4       madDisAsm.COpcodeLabelIndex
 0003:000034D4       madDisAsm.COpcodeLabelIndex0f
 0003:000035D4       madDisAsm.kernel32handle_
 0003:000035D8       madDisAsm.kernelbasehandle_
 0003:000035DC       madDisAsm.FMagic
 0003:000035E0       madDisAsm.FMagic95
 0003:000035E4       madDisAsm.FMagicReady
 0003:000035E8       madDisAsm.ReadProcessMemory
 0003:000035EC       madMapFile.CMapFileStreamDescriptor
 0003:000035F0       madNVAssistant.OnAssistantCreate
 0003:000035F4       madNVAssistant.HandleContactFormProc
 0003:000035F8       madNVAssistant.HandleScreenshotFormProc
 0003:000035FC       madStackTrace.DispatchMessageA
 0003:00003600       madExcept.CMadExceptVersionString
 0003:00003604       madExcept.OnExceptBoxCreate
 0003:00003608       madExcept.OnExceptBoxDestroy
 0003:0000360C       madExcept.ProcessMainThreadId
 0003:00003610       madExcept.AddCmdLineToBugRep
 0003:00003614       madExcept.DetectConsole
 0003:00003618       madExcept.CloseAppExitCode
 0003:0000361C       madExcept.ResetFpuMode
 0003:00003620       madExcept.DumbStackTrace
 0003:00003624       madExcept.HttpUploadTimeout
 0003:00003628       madExcept.DontUseProxy
 0003:0000362C       madExcept.ProxyServer
 0003:00003630       madExcept.NoOnlineCheck
 0003:00003634       madExcept.ForceUtf8
 0003:00003638       madExcept.HiddenAutoMailing
 0003:0000363C       madExcept.DontReformatExcMsg
 0003:00003640       madExcept.SmtpMailFrom
 0003:00003644       madExcept.ShowBugReportKey
 0003:00003648       madExcept.CalibrateData
 0003:0000364C       madExcept.AmHttpServer
 0003:00003650       madExcept.BugReportHtml
 0003:00003654       madExcept.DisAsmFunc
 0003:00003658       madExcept.Forms_TApplication_HandleException
 0003:0000365C       madExcept.Forms_TApplication_ShowException
 0003:00003660       madExcept.Qforms_TApplication_HandleException
 0003:00003664       madExcept.Qforms_TApplication_ShowException
 0003:00003668       madExcept.SysUtils_ShowException
 0003:0000366C       madExcept.SysUtils_LoadPackage
 0003:00003670       madExcept.SysUtils_InitializePackage
 0003:00003674       madExcept.Classes_CheckSynchronize
 0003:00003678       madExcept.CGIApp_TCGIApplication_CGIHandleException
 0003:0000367C       madExcept.ISAPIApp_TISAPIApplication_ISAPIHandleException
 0003:00003680       madExcept.HttpExtensionProcNext
 0003:00003684       madExcept.System_InitUnits
 0003:00003688       madExcept.System_FinalizeUnits
 0003:0000368C       madExcept.System_ExceptionHandler
 0003:00003690       madExcept.System_runErrMsg
 0003:00003694       madExcept.BcbExceptionHandler
 0003:00003698       madExcept.BcbThrowExceptionLDTC
 0003:0000369C       madExcept.BcbInitExceptBlockLDTC
 0003:000036A0       madExcept.BcbOrgMalloc
 0003:000036A4       madExcept.BcbMemcpy
 0003:000036A8       madExcept.BcbCallTerminate
 0003:000036AC       madExcept.BcbPTerminate
 0003:000036B0       madExcept.AmMeBpl
 0003:000036B4       madExcept.HandlerSection
 0003:000036B8       madExcept.madExceptBuf
 0003:000036BC       madExcept.OpenThreadProc
 0003:000036C0       madExcept.NtOpenThreadProc
 0003:000036C4       madExcept.CNtObjAttr
 0003:000036DC       madExcept.CsVersion
 0003:000036E0       madExcept.System_FpuInit
 0003:000036E4       madExcept.Last10Exceptions
 0003:00003734       madExcept.CBcbXorCheck
 0003:00003738       madExcept.BcbExceptTlsOffset
 0003:0000373C       madExcept.BcbGetTls
 0003:00003740       madExcept.CMEProperties
 0003:00003DE0       madExcept.CDfmHeader
 0003:00003DE4       madExcept.meSettingsBuf
 0003:00003DE8       madExcept.mySettings
 0003:00003DEC       madExcept.AmInTraceProcess
 0003:00003DF0       madExcept.FireHandlersWnd
 0003:00003DF4       madExcept.FireHandlersMsg
 0003:00003DF8       madExcept.AmSyncingHandlers
 0003:00003DFC       madExcept.SuspendSection
 0003:00003E00       madExcept.MainThreadSE
 0003:00003E04       madExcept.OtherThreadsSE
 0003:00003E08       madExcept.AntiFreezeTid
 0003:00003E0C       madExcept.AntiFreezeTh
 0003:00003E10       madExcept.AntiFreezeWnd
 0003:00003E14       madExcept.AntiFreezeMsg
 0003:00003E18       madExcept.AntiFreezeCnt
 0003:00003E1C       madExcept.AntiFreezePause
 0003:00003E20       madExcept.AntiFreezeEvent
 0003:00003E24       madExcept.FreezeTimeout
 0003:00003E28       madExcept.CValidChars
 0003:00003E48       madExcept.PingCount
 0003:00003E4C       madExcept.CEncodeMailto
 0003:00003E6C       madExcept.CEncodeSmtp
 0003:00003E8C       madExcept.CBoundary
 0003:00003E90       madExcept.CMonths
 0003:00003EC0       madExcept.CRes
 0003:00003EE4       madExcept.HandleExceptionTid
 0003:00003EE8       madExcept.HandleExceptionTh
 0003:00003EEC       madExcept.HandleExceptionRP
 0003:00003EF0       madExcept.HandleExceptionWP
 0003:00003EF4       madExcept.CAdminSia
 0003:00003EFC       madExcept.MadExceptPause
 0003:00003F00       madExcept.exceptionNumber
 0003:00003F08       madExcept.PExceptObjProc
 0003:00003F0C       madExcept.PMyExceptObjProc1
 0003:00003F10       madExcept.PMyExceptObjProc2
 0003:00003F14       madExcept.PMyRaiseExceptProc
 0003:00003F18       madExcept.IRSection
 0003:00003F1C       madExcept.IRCount
 0003:00003F20       madExcept.Armadillo
 0003:00003F24       madExcept.NextCreateThread
 0003:00003F28       madExcept.NextQueueUserWorkItem
 0003:00003F2C       madExcept.ThreadsHooked
 0003:00003F30       madExcept.NextGetMessageA
 0003:00003F34       madExcept.NextPeekMessageA
 0003:00003F38       madExcept.NextGetMessageW
 0003:00003F3C       madExcept.NextPeekMessageW
 0003:00003F40       madExcept.OldExceptionFilter
 0003:00003F44       madListProcesses.Process32First
 0003:00003F48       madListProcesses.Process32Next
 0003:00003F4C       madListProcesses.CreateToolhelp32Snapshot
 0003:00003F50       madListProcesses.NtQuerySystemInformation
 0003:00003F54       madListProcesses.GetModuleFileNameEx
 0003:00003F58       madListProcesses.GetGuiResources
 0003:00003F5C       Character.Latin1Categories
 0003:0000405C       SysUtils.EmptyStr
 0003:00004060       SysUtils.EmptyWideStr
 0003:00004064       SysUtils.EmptyAnsiStr
 0003:00004068       SysUtils.Win32Platform
 0003:0000406C       SysUtils.Win32MajorVersion
 0003:00004070       SysUtils.Win32MinorVersion
 0003:00004074       SysUtils.Win32BuildNumber
 0003:00004078       SysUtils.Win32CSDVersion
 0003:0000407C       SysUtils.TwoDigitYearCenturyWindow
 0003:00004080       SysUtils.MonthDays
 0003:000040B0       SysUtils.LeadBytes
 0003:000040D0       SysUtils.HexDisplayPrefix
 0003:000040D4       SysUtils.GetDiskFreeSpaceEx
 0003:000040D8       SysUtils.cSimpleBoolStrs
 0003:000040E0       SysUtils.AccessMode
 0003:000040EC       SysUtils.ShareMode
 0003:00004100       SysUtils.ShareMode
 0003:00004114       SysUtils.FormatErrorStrs
 0003:0000411C       SysUtils.FCon1E18
 0003:00004128       SysUtils.DCon10
 0003:0000412C       SysUtils.CWNear
 0003:00004130       SysUtils.FMSecsPerDay
 0003:00004134       SysUtils.IMSecsPerDay
 0003:00004138       SysUtils.Format
 0003:00004140       SysUtils.DefShortMonthNames
 0003:00004170       SysUtils.DefLongMonthNames
 0003:000041A0       SysUtils.DefShortDayNames
 0003:000041BC       SysUtils.DefLongDayNames
 0003:000041D8       SysUtils.ErrorMap
 0003:00004210       SysUtils.ExceptTypes
 0003:0000425C       SysUtils.ExceptMap
 0003:0000431C       SysUtils.MonitorSupport
 0003:00004330       SysUtils.TerminateProcList
 0003:00004334       SysUtils.DefaultFallbackLanguages
 0003:00004338       VarUtils.CResult
 0003:00004340       Variants.NullEqualityRule
 0003:00004344       Variants.NullMagnitudeRule
 0003:00004348       Variants.NullStrictConvert
 0003:0000434C       Variants.NullAsStringValue
 0003:00004350       Variants.PackVarCreation
 0003:00004354       Variants.BooleanToStringRule
 0003:00004358       Variants.BaseTypeMap
 0003:00004370       Variants.CInvalidCustomVariantType
 0003:00004374       Variants.CRangeToType
 0003:00004388       Variants.CBooleanToRelationship
 0003:00004394       Variants.CmpTypeMap
 0003:00004424       Variants.CText
 0003:0000447C       Variants.LNextVarType
 0003:00004480       Variants.CRelationshipToBoolean
 0003:00004494       TypInfo.BooleanIdents
 0003:0000449C       TypInfo.DotSep
 0003:000044A0       Classes.CreateVCLComObjectProc
 0003:000044A4       Classes.FilerSignature
 0003:000044A8       Classes.Dummy32bitResHeader
 0003:000044C8       Classes.NilMethod
 0003:000044D0       CodeHookIntf.DllInited
 0003:000044D4       CodeHookIntf.AddrGetCodeHook
 0004:00000000       System.DispCallByIDProc
 0004:00000004       System.ExceptProc
 0004:00000008       System.ErrorProc
 0004:0000000C       System.ExceptClsProc
 0004:00000010       System.ExceptObjProc
 0004:00000014       System.RaiseExceptionProc
 0004:00000018       System.RTLUnwindProc
 0004:0000001C       System.RaiseExceptObjProc
 0004:00000020       System.ExceptionAcquired
 0004:00000024       System.ExceptionClass
 0004:00000028       System.AssertErrorProc
 0004:0000002C       System.ExitProcessProc
 0004:00000030       System.AbstractErrorProc
 0004:00000034       System.MainInstance
 0004:00000038       System.MainThreadID
 0004:0000003C       System.IsLibrary
 0004:00000040       System.CmdShow
 0004:00000044       System.CmdLine
 0004:00000048       System.ExitProc
 0004:0000004C       System.IsConsole
 0004:0000004D       System.IsMultiThread
 0004:0000004E       System.Test8086
 0004:00000050       System.CPUCount
 0004:00000054       System.Input
 0004:00000324       System.Output
 0004:000005F4       System.ErrOutput
 0004:000008C4       System.MonitorSupport
 0004:000008C8       System.DefaultSystemCodePage
 0004:000008CC       System.DefaultUnicodeCodePage
 0004:000008D0       System.UTF8CompareLocale
 0004:000008D4       System.ReportMemoryLeaksOnShutdown
 0004:000008D5       System.NeverSleepOnMMThreadContention
 0004:000008D8       System..8
 0004:000008DC       System.AllocSize2SmallBlockTypeIndX4
 0004:00000A22       System.MinimumBlockAlignment
 0004:00000A24       System.MediumBlockPoolsCircularList
 0004:00000A34       System.MediumBlocksLocked
 0004:00000A38       System.LastSequentiallyFedMediumBlock
 0004:00000A3C       System.MediumSequentialFeedBytesLeft
 0004:00000A40       System.MediumBlockBinGroupBitmap
 0004:00000A44       System.MediumBlockBinBitmaps
 0004:00000AC4       System.MediumBlockBins
 0004:00002AC4       System.LargeBlocksLocked
 0004:00002AC8       System.LargeBlocksCircularList
 0004:00002AD8       System.ExpectedMemoryLeaks
 0004:00002ADC       System.ExpectedMemoryLeaksListLocked
 0004:00002AE0       System.MappingObjectHandle
 0004:00002AE4       System.InitContext
 0004:00002B14       System.DLLThreadContext
 0004:00002B44       System.GetThreadPreferredUILanguages
 0004:00002B48       System.GetThreadUILanguage
 0004:00002B4C       System.SetThreadUILanguage
 0004:00002B50       System.UseThreadUILanguageAPI
 0004:00002B54       System.CrSec
 0004:00002B6C       System.CachedLangID
 0004:00002B70       System.CachedLanguageNames
 0004:00002C1C       System...
 0004:00002C34       SysInit.ModuleIsLib
 0004:00002C35       SysInit.ModuleIsCpp
 0004:00002C38       SysInit.HInstance
 0004:00002C3C       SysInit.tlsBuffer
 0004:00002C40       Windows..2
 0004:00002C44       Windows.HtmlHelpModule
 0004:00002C48       madStrings..1
 0004:00002C4C       madZip.FixedTablesMemory
 0004:00003D4C       madZip.FixedLiteralBits
 0004:00003D50       madZip.FixedDistanceBits
 0004:00003D54       madZip.FixedLiteralTable
 0004:00003D58       madZip.FixedDistanceTable
 0004:00003D5C       madTools..1
 0004:00003D60       madTools.os_
 0004:00003D80       madTools.MsgHandlerWindows
 0004:00003D84       madDisAsm..1
 0004:00003D88       madMapFile..2
 0004:00003D8C       madMapFile.MapFileCache
 0004:00003D90       madStackTrace..2
 0004:00003D94       madStackTrace.moduleCount
 0004:00003D98       madStackTrace.moduleCache
 0004:00003D9C       madStackTrace.functionCount
 0004:00003DA0       madStackTrace.functionCache
 0004:00003DA4       madExcept.Plugins
 0004:00003DA8       madExcept..3
 0004:00003DAC       madExcept.StartTime
 0004:00003DB4       madExcept.ExceptHandlers
 0004:00003DB8       madExcept.ExceptHandlersOO
 0004:00003DBC       madExcept.ActionHandlers
 0004:00003DC0       madExcept.ActionHandlersOO
 0004:00003DC4       madExcept.HiddenHandlers
 0004:00003DC8       madExcept.HiddenHandlersOO
 0004:00003DCC       madExcept.BcbMallocNext
 0004:00003DD0       madExcept.BcbGetExceptionObjectNext
 0004:00003DD4       madExcept.BcbRaiseExceptionNext
 0004:00003DD8       madExcept.BcbInitCatchArgPascalNext
 0004:00003DDC       madExcept.SuspendThreadIds
 0004:00003DE0       madExcept.OutOfMemoryInsurance
 0004:00003E00       madExcept.PatchList
 0004:00003E04       madExcept.IRList
 0004:00003E08       madLinkDisAsm..1
 0004:00003E0C       madListHardware..1
 0004:00003E10       madListProcesses..1
 0004:00003E14       madListModules..1
 0004:00003E18       Character.DataTable
 0004:00003E1C       Character.CatIndexPrimary
 0004:00003E20       Character.CatIndexSecondary
 0004:00003E24       Character.CategoryTable
 0004:00003E28       Character.NumIndexPrimary
 0004:00003E2C       Character.NumIndexSecondary
 0004:00003E30       Character.NumericValueTable
 0004:00003E34       SysUtils.Exception.$ClassInitFlag
 0004:00003E38       SysUtils.Exception.GetExceptionStackInfoProc
 0004:00003E3C       SysUtils.Exception.GetStackInfoStringProc
 0004:00003E40       SysUtils.Exception.CleanUpStackInfoProc
 0004:00003E44       SysUtils.CurrencyString
 0004:00003E48       SysUtils.CurrencyFormat
 0004:00003E49       SysUtils.NegCurrFormat
 0004:00003E4A       SysUtils.ThousandSeparator
 0004:00003E4C       SysUtils.DecimalSeparator
 0004:00003E4E       SysUtils.CurrencyDecimals
 0004:00003E50       SysUtils.DateSeparator
 0004:00003E54       SysUtils.ShortDateFormat
 0004:00003E58       SysUtils.LongDateFormat
 0004:00003E5C       SysUtils.TimeSeparator
 0004:00003E60       SysUtils.TimeAMString
 0004:00003E64       SysUtils.TimePMString
 0004:00003E68       SysUtils.ShortTimeFormat
 0004:00003E6C       SysUtils.LongTimeFormat
 0004:00003E70       SysUtils.ShortMonthNames
 0004:00003EA0       SysUtils.LongMonthNames
 0004:00003ED0       SysUtils.ShortDayNames
 0004:00003EEC       SysUtils.LongDayNames
 0004:00003F08       SysUtils.SysLocale
 0004:00003F16       SysUtils.ListSeparator
 0004:00003F18       SysUtils.EraNames
 0004:00003F34       SysUtils.EraYearOffsets
 0004:00003F50       SysUtils.TrueBoolStrs
 0004:00003F54       SysUtils.FalseBoolStrs
 0004:00003F58       SysUtils.TEncoding.FASCIIEncoding
 0004:00003F5C       SysUtils.TEncoding.FBigEndianUnicodeEncoding
 0004:00003F60       SysUtils.TEncoding.FDefaultEncoding
 0004:00003F64       SysUtils.TEncoding.FUnicodeEncoding
 0004:00003F68       SysUtils.TEncoding.FUTF7Encoding
 0004:00003F6C       SysUtils.TEncoding.FUTF8Encoding
 0004:00003F70       SysUtils.TEncoding.$ClassInitFlag
 0004:00003F74       SysUtils..76
 0004:00003F78       SysUtils.OutOfMemory
 0004:00003F7C       SysUtils.InvalidPointer
 0004:00003F80       SysUtils.SyncEventCache
 0004:00004080       SysUtils.EventCache
 0004:00004084       SysUtils.EventItemHolders
 0004:00004088       SysUtils.ValidatedUnitHashBuckets
 0004:0000507C       SysUtils.UnitHashBuckets
 0004:00006070       SysUtils.LanguageArray
 0004:00006074       VarUtils.VariantChangeTypeEx
 0004:00006078       VarUtils.VarNeg
 0004:0000607C       VarUtils.VarNot
 0004:00006080       VarUtils.VarAdd
 0004:00006084       VarUtils.VarSub
 0004:00006088       VarUtils.VarMul
 0004:0000608C       VarUtils.VarDiv
 0004:00006090       VarUtils.VarIDiv
 0004:00006094       VarUtils.VarMod
 0004:00006098       VarUtils.VarAnd
 0004:0000609C       VarUtils.VarOr
 0004:000060A0       VarUtils.VarXor
 0004:000060A4       VarUtils.VarCmp
 0004:000060A8       VarUtils.VarI4FromStr
 0004:000060AC       VarUtils.VarR4FromStr
 0004:000060B0       VarUtils.VarR8FromStr
 0004:000060B4       VarUtils.VarDateFromStr
 0004:000060B8       VarUtils.VarCyFromStr
 0004:000060BC       VarUtils.VarBoolFromStr
 0004:000060C0       VarUtils.VarBstrFromCy
 0004:000060C4       VarUtils.VarBstrFromDate
 0004:000060C8       VarUtils.VarBstrFromBool
 0004:000060CC       VarUtils..5
 0004:000060D0       Variants.EmptyParam
 0004:000060E0       Variants.VarDispProc
 0004:000060E4       Variants.ClearAnyProc
 0004:000060E8       Variants.ChangeAnyProc
 0004:000060EC       Variants.RefAnyProc
 0004:000060F0       Variants..81
 0004:000060F4       Variants.LVarTypes
 0004:000060F8       Variants.LVarTypeSync
 0004:00006110       TypInfo..5
 0004:00006114       Classes.GlobalNameSpace
 0004:00006118       Classes.IsUniqueGlobalComponentNameProc
 0004:0000611C       Classes..66
 0004:00006120       Classes.IntConstList
 0004:00006124       Classes.RegGroups
 0004:00006128       Classes.FindGlobalComponentProcs
 0004:0000612C       Classes.GlobalFixupList
 0004:00006130       Classes.InstBlockList
 0004:00006134       Classes.InstFreeList
 0004:00006138       CodeHookIntf.DllHandle
 0004:0000613C       CodeHookTest.GCodeHook
 0004:00006140       CodeHookTest.GCodeHookHelper
 0004:00006144       CodeHookTest.E
 0005:00000000       System.RaiseListPtr
 0005:00000004       System.InOutRes
 0005:00000008       madExcept.LastExceptObject
 0005:0000000C       madExcept.LastExceptAddr
 0005:00000010       madExcept.LastContext
 0005:000000DC       madExcept.isapiBugReport
 0005:000000E0       madExcept.isapiExceptAddr
 0005:000000E4       Classes.GlobalLoaded
 0005:000000E8       Classes.GlobalLists
 0005:000000EC       SysInit.TlsLast


Line numbers for madLinkDisAsm(madLinkDisAsm.pas) segment .itext

    19 0002:000001A4    27 0002:000001AD    30 0002:000001BA

Line numbers for CodeHookIntf(CodeHookIntf.pas) segment .text

   165 0001:000917FC   166 0001:00091803   167 0001:00091817   168 0001:0009181C
   169 0001:00091836   171 0001:00091843   172 0001:0009184A   173 0001:00091850
   175 0001:0009185D   176 0001:0009186A   177 0001:0009187D   179 0001:00091886
   180 0001:0009189B   181 0001:000918A4   184 0001:000918C0   186 0001:000918DA
   189 0001:000919D8   190 0001:000919DB   192 0001:000919E2   193 0001:000919EB
   195 0001:000919F7   196 0001:000919FE   218 0001:00091A02

Line numbers for CodeHookTest(CodeHookTest.dpr) segment .text

    35 0001:00091BCC    36 0001:00091BD3    37 0001:00091BEA    44 0001:00091C00
    45 0001:00091C06    46 0001:00091C13    47 0001:00091C22    48 0001:00091C31
    49 0001:00091C40    51 0001:00091C64    52 0001:00091C7D    53 0001:00091C8F
    58 0001:00091CF0    59 0001:00091D13    60 0001:00091D3D    61 0001:00091D45
    71 0001:00091D84    72 0001:00091DAA    73 0001:00091DC0    74 0001:00091DC6
    75 0001:00091DD3    76 0001:00091DE5    78 0001:00091E39    82 0001:00091EC0
    83 0001:00091ECA    84 0001:00091EDA    85 0001:00091EF0

Line numbers for CodeHookTest(CodeHookTest.dpr) segment .itext

    87 0002:000004DC    88 0002:000004FD    89 0002:0000050B    90 0002:00000510
    92 0002:00000530    93 0002:00000535    95 0002:00000556

Bound resource files

c:\program files (x86)\embarcadero\rad studio\7.0\lib\character.res
CodeHookTest.drf


Program entry point at 0002:000004DC
